C:/Users/Maxence/STM32Cube/Repository/Packs/STMicroelectronics/en.x-cube-nfc5/STM32CubeExpansion_NFC5_V2.0.0/Drivers/STM32L4xx_HAL_Driver/Src/stm32l4xx_hal_flash_ex.c:127:19:HAL_FLASHEx_Erase	32	static
C:/Users/Maxence/STM32Cube/Repository/Packs/STMicroelectronics/en.x-cube-nfc5/STM32CubeExpansion_NFC5_V2.0.0/Drivers/STM32L4xx_HAL_Driver/Src/stm32l4xx_hal_flash_ex.c:232:19:HAL_FLASHEx_Erase_IT	8	static
C:/Users/Maxence/STM32Cube/Repository/Packs/STMicroelectronics/en.x-cube-nfc5/STM32CubeExpansion_NFC5_V2.0.0/Drivers/STM32L4xx_HAL_Driver/Src/stm32l4xx_hal_flash_ex.c:304:19:HAL_FLASHEx_OBProgram	32	static
C:/Users/Maxence/STM32Cube/Repository/Packs/STMicroelectronics/en.x-cube-nfc5/STM32CubeExpansion_NFC5_V2.0.0/Drivers/STM32L4xx_HAL_Driver/Src/stm32l4xx_hal_flash_ex.c:375:6:HAL_FLASHEx_OBGetConfig	8	static
C:/Users/Maxence/STM32Cube/Repository/Packs/STMicroelectronics/en.x-cube-nfc5/STM32CubeExpansion_NFC5_V2.0.0/Drivers/STM32L4xx_HAL_Driver/Src/stm32l4xx_hal_flash_ex.c:555:6:FLASH_PageErase	0	static
C:/Users/Maxence/STM32Cube/Repository/Packs/STMicroelectronics/en.x-cube-nfc5/STM32CubeExpansion_NFC5_V2.0.0/Drivers/STM32L4xx_HAL_Driver/Src/stm32l4xx_hal_flash_ex.c:597:6:FLASH_FlushCaches	0	static
