C:/Users/Maxence/STM32Cube/Repository/Packs/STMicroelectronics/en.x-cube-nfc5/STM32CubeExpansion_NFC5_V2.0.0/Drivers/STM32L4xx_HAL_Driver/Src/stm32l4xx_hal_flash.c:649:19:FLASH_WaitForLastOperation.constprop	16	static
C:/Users/Maxence/STM32Cube/Repository/Packs/STMicroelectronics/en.x-cube-nfc5/STM32CubeExpansion_NFC5_V2.0.0/Drivers/STM32L4xx_HAL_Driver/Src/stm32l4xx_hal_flash.c:171:19:HAL_FLASH_Program	32	static,ignoring_inline_asm
C:/Users/Maxence/STM32Cube/Repository/Packs/STMicroelectronics/en.x-cube-nfc5/STM32CubeExpansion_NFC5_V2.0.0/Drivers/STM32L4xx_HAL_Driver/Src/stm32l4xx_hal_flash.c:253:19:HAL_FLASH_Program_IT	12	static,ignoring_inline_asm
C:/Users/Maxence/STM32Cube/Repository/Packs/STMicroelectronics/en.x-cube-nfc5/STM32CubeExpansion_NFC5_V2.0.0/Drivers/STM32L4xx_HAL_Driver/Src/stm32l4xx_hal_flash.c:456:13:HAL_FLASH_EndOfOperationCallback	0	static
C:/Users/Maxence/STM32Cube/Repository/Packs/STMicroelectronics/en.x-cube-nfc5/STM32CubeExpansion_NFC5_V2.0.0/Drivers/STM32L4xx_HAL_Driver/Src/stm32l4xx_hal_flash.c:474:13:HAL_FLASH_OperationErrorCallback	0	static
C:/Users/Maxence/STM32Cube/Repository/Packs/STMicroelectronics/en.x-cube-nfc5/STM32CubeExpansion_NFC5_V2.0.0/Drivers/STM32L4xx_HAL_Driver/Src/stm32l4xx_hal_flash.c:313:6:HAL_FLASH_IRQHandler	8	static
C:/Users/Maxence/STM32Cube/Repository/Packs/STMicroelectronics/en.x-cube-nfc5/STM32CubeExpansion_NFC5_V2.0.0/Drivers/STM32L4xx_HAL_Driver/Src/stm32l4xx_hal_flash.c:507:19:HAL_FLASH_Unlock	0	static
C:/Users/Maxence/STM32Cube/Repository/Packs/STMicroelectronics/en.x-cube-nfc5/STM32CubeExpansion_NFC5_V2.0.0/Drivers/STM32L4xx_HAL_Driver/Src/stm32l4xx_hal_flash.c:531:19:HAL_FLASH_Lock	0	static
C:/Users/Maxence/STM32Cube/Repository/Packs/STMicroelectronics/en.x-cube-nfc5/STM32CubeExpansion_NFC5_V2.0.0/Drivers/STM32L4xx_HAL_Driver/Src/stm32l4xx_hal_flash.c:543:19:HAL_FLASH_OB_Unlock	0	static
C:/Users/Maxence/STM32Cube/Repository/Packs/STMicroelectronics/en.x-cube-nfc5/STM32CubeExpansion_NFC5_V2.0.0/Drivers/STM32L4xx_HAL_Driver/Src/stm32l4xx_hal_flash.c:563:19:HAL_FLASH_OB_Lock	0	static
C:/Users/Maxence/STM32Cube/Repository/Packs/STMicroelectronics/en.x-cube-nfc5/STM32CubeExpansion_NFC5_V2.0.0/Drivers/STM32L4xx_HAL_Driver/Src/stm32l4xx_hal_flash.c:575:19:HAL_FLASH_OB_Launch	0	static
C:/Users/Maxence/STM32Cube/Repository/Packs/STMicroelectronics/en.x-cube-nfc5/STM32CubeExpansion_NFC5_V2.0.0/Drivers/STM32L4xx_HAL_Driver/Src/stm32l4xx_hal_flash.c:625:10:HAL_FLASH_GetError	0	static
C:/Users/Maxence/STM32Cube/Repository/Packs/STMicroelectronics/en.x-cube-nfc5/STM32CubeExpansion_NFC5_V2.0.0/Drivers/STM32L4xx_HAL_Driver/Src/stm32l4xx_hal_flash.c:649:19:FLASH_WaitForLastOperation	16	static
