C:/Users/Maxence/STM32Cube/Repository/Packs/STMicroelectronics/en.x-cube-nfc5/STM32CubeExpansion_NFC5_V2.0.0/Middlewares/ST/rfal/Src/rfal_t4t.c:102:12:rfalT4TPollerComposeCAPDU	8	static
C:/Users/Maxence/STM32Cube/Repository/Packs/STMicroelectronics/en.x-cube-nfc5/STM32CubeExpansion_NFC5_V2.0.0/Middlewares/ST/rfal/Src/rfal_t4t.c:171:12:rfalT4TPollerParseRAPDU	0	static
C:/Users/Maxence/STM32Cube/Repository/Packs/STMicroelectronics/en.x-cube-nfc5/STM32CubeExpansion_NFC5_V2.0.0/Middlewares/ST/rfal/Src/rfal_t4t.c:197:12:rfalT4TPollerComposeSelectAppl	24	static
C:/Users/Maxence/STM32Cube/Repository/Packs/STMicroelectronics/en.x-cube-nfc5/STM32CubeExpansion_NFC5_V2.0.0/Middlewares/ST/rfal/Src/rfal_t4t.c:224:12:rfalT4TPollerComposeSelectFile	24	static
C:/Users/Maxence/STM32Cube/Repository/Packs/STMicroelectronics/en.x-cube-nfc5/STM32CubeExpansion_NFC5_V2.0.0/Middlewares/ST/rfal/Src/rfal_t4t.c:251:12:rfalT4TPollerComposeSelectFileV1Mapping	24	static
C:/Users/Maxence/STM32Cube/Repository/Packs/STMicroelectronics/en.x-cube-nfc5/STM32CubeExpansion_NFC5_V2.0.0/Middlewares/ST/rfal/Src/rfal_t4t.c:278:12:rfalT4TPollerComposeReadData	0	static
C:/Users/Maxence/STM32Cube/Repository/Packs/STMicroelectronics/en.x-cube-nfc5/STM32CubeExpansion_NFC5_V2.0.0/Middlewares/ST/rfal/Src/rfal_t4t.c:299:12:rfalT4TPollerComposeReadDataODO	0	static
C:/Users/Maxence/STM32Cube/Repository/Packs/STMicroelectronics/en.x-cube-nfc5/STM32CubeExpansion_NFC5_V2.0.0/Middlewares/ST/rfal/Src/rfal_t4t.c:330:12:rfalT4TPollerComposeWriteData	24	static
C:/Users/Maxence/STM32Cube/Repository/Packs/STMicroelectronics/en.x-cube-nfc5/STM32CubeExpansion_NFC5_V2.0.0/Middlewares/ST/rfal/Src/rfal_t4t.c:356:12:rfalT4TPollerComposeWriteDataODO	16	static
