C:/Users/Maxence/STM32Cube/Repository/Packs/STMicroelectronics/en.x-cube-nfc5/STM32CubeExpansion_NFC5_V2.0.0/Middlewares/ST/rfal/Src/rfal_nfc.c:930:19:rfalNfcPollCollResolution	144	static
C:/Users/Maxence/STM32Cube/Repository/Packs/STMicroelectronics/en.x-cube-nfc5/STM32CubeExpansion_NFC5_V2.0.0/Middlewares/ST/rfal/Src/rfal_nfc.c:131:12:rfalNfcInitialize	8	static
C:/Users/Maxence/STM32Cube/Repository/Packs/STMicroelectronics/en.x-cube-nfc5/STM32CubeExpansion_NFC5_V2.0.0/Middlewares/ST/rfal/Src/rfal_nfc.c:145:12:rfalNfcDiscover	8	static
C:/Users/Maxence/STM32Cube/Repository/Packs/STMicroelectronics/en.x-cube-nfc5/STM32CubeExpansion_NFC5_V2.0.0/Middlewares/ST/rfal/Src/rfal_nfc.c:204:12:rfalNfcDeactivate	8	static
C:/Users/Maxence/STM32Cube/Repository/Packs/STMicroelectronics/en.x-cube-nfc5/STM32CubeExpansion_NFC5_V2.0.0/Middlewares/ST/rfal/Src/rfal_nfc.c:230:12:rfalNfcSelect	0	static
C:/Users/Maxence/STM32Cube/Repository/Packs/STMicroelectronics/en.x-cube-nfc5/STM32CubeExpansion_NFC5_V2.0.0/Middlewares/ST/rfal/Src/rfal_nfc.c:245:14:rfalNfcGetState	0	static
C:/Users/Maxence/STM32Cube/Repository/Packs/STMicroelectronics/en.x-cube-nfc5/STM32CubeExpansion_NFC5_V2.0.0/Middlewares/ST/rfal/Src/rfal_nfc.c:251:12:rfalNfcGetDevicesFound	0	static
C:/Users/Maxence/STM32Cube/Repository/Packs/STMicroelectronics/en.x-cube-nfc5/STM32CubeExpansion_NFC5_V2.0.0/Middlewares/ST/rfal/Src/rfal_nfc.c:272:12:rfalNfcGetActiveDevice	0	static
C:/Users/Maxence/STM32Cube/Repository/Packs/STMicroelectronics/en.x-cube-nfc5/STM32CubeExpansion_NFC5_V2.0.0/Middlewares/ST/rfal/Src/rfal_nfc.c:522:12:rfalNfcDataExchangeStart	96	static
C:/Users/Maxence/STM32Cube/Repository/Packs/STMicroelectronics/en.x-cube-nfc5/STM32CubeExpansion_NFC5_V2.0.0/Middlewares/ST/rfal/Src/rfal_nfc.c:647:12:rfalNfcDataExchangeGetStatus	8	static
C:/Users/Maxence/STM32Cube/Repository/Packs/STMicroelectronics/en.x-cube-nfc5/STM32CubeExpansion_NFC5_V2.0.0/Middlewares/ST/rfal/Src/rfal_nfc.c:297:6:rfalNfcWorker	80	static
