C:/Users/Maxence/STM32Cube/Repository/Packs/STMicroelectronics/en.x-cube-nfc5/STM32CubeExpansion_NFC5_V2.0.0/Middlewares/ST/rfal/Src/rfal_nfcv.c:194:12:rfalNfcvPollerInitialize	8	static
C:/Users/Maxence/STM32Cube/Repository/Packs/STMicroelectronics/en.x-cube-nfc5/STM32CubeExpansion_NFC5_V2.0.0/Middlewares/ST/rfal/Src/rfal_nfcv.c:209:12:rfalNfcvPollerCheckPresence	32	static
C:/Users/Maxence/STM32Cube/Repository/Packs/STMicroelectronics/en.x-cube-nfc5/STM32CubeExpansion_NFC5_V2.0.0/Middlewares/ST/rfal/Src/rfal_nfcv.c:226:12:rfalNfcvPollerInventory	40	static
C:/Users/Maxence/STM32Cube/Repository/Packs/STMicroelectronics/en.x-cube-nfc5/STM32CubeExpansion_NFC5_V2.0.0/Middlewares/ST/rfal/Src/rfal_nfcv.c:266:12:rfalNfcvPollerCollisionResolution	216	static
C:/Users/Maxence/STM32Cube/Repository/Packs/STMicroelectronics/en.x-cube-nfc5/STM32CubeExpansion_NFC5_V2.0.0/Middlewares/ST/rfal/Src/rfal_nfcv.c:417:12:rfalNfcvPollerSleepCollisionResolution	80	static
C:/Users/Maxence/STM32Cube/Repository/Packs/STMicroelectronics/en.x-cube-nfc5/STM32CubeExpansion_NFC5_V2.0.0/Middlewares/ST/rfal/Src/rfal_nfcv.c:448:12:rfalNfcvPollerSleep	40	static
C:/Users/Maxence/STM32Cube/Repository/Packs/STMicroelectronics/en.x-cube-nfc5/STM32CubeExpansion_NFC5_V2.0.0/Middlewares/ST/rfal/Src/rfal_nfcv.c:475:12:rfalNfcvPollerSelect	120	static
C:/Users/Maxence/STM32Cube/Repository/Packs/STMicroelectronics/en.x-cube-nfc5/STM32CubeExpansion_NFC5_V2.0.0/Middlewares/ST/rfal/Src/rfal_nfcv.c:489:12:rfalNfcvPollerReadSingleBlock	80	static
C:/Users/Maxence/STM32Cube/Repository/Packs/STMicroelectronics/en.x-cube-nfc5/STM32CubeExpansion_NFC5_V2.0.0/Middlewares/ST/rfal/Src/rfal_nfcv.c:499:12:rfalNfcvPollerWriteSingleBlock	160	static
C:/Users/Maxence/STM32Cube/Repository/Packs/STMicroelectronics/en.x-cube-nfc5/STM32CubeExpansion_NFC5_V2.0.0/Middlewares/ST/rfal/Src/rfal_nfcv.c:523:12:rfalNfcvPollerLockBlock	128	static
C:/Users/Maxence/STM32Cube/Repository/Packs/STMicroelectronics/en.x-cube-nfc5/STM32CubeExpansion_NFC5_V2.0.0/Middlewares/ST/rfal/Src/rfal_nfcv.c:535:12:rfalNfcvPollerReadMultipleBlocks	80	static
C:/Users/Maxence/STM32Cube/Repository/Packs/STMicroelectronics/en.x-cube-nfc5/STM32CubeExpansion_NFC5_V2.0.0/Middlewares/ST/rfal/Src/rfal_nfcv.c:550:12:rfalNfcvPollerWriteMultipleBlocks	80	static
C:/Users/Maxence/STM32Cube/Repository/Packs/STMicroelectronics/en.x-cube-nfc5/STM32CubeExpansion_NFC5_V2.0.0/Middlewares/ST/rfal/Src/rfal_nfcv.c:617:12:rfalNfcvPollerExtendedReadSingleBlock	80	static
C:/Users/Maxence/STM32Cube/Repository/Packs/STMicroelectronics/en.x-cube-nfc5/STM32CubeExpansion_NFC5_V2.0.0/Middlewares/ST/rfal/Src/rfal_nfcv.c:633:12:rfalNfcvPollerExtendedWriteSingleBlock	160	static
C:/Users/Maxence/STM32Cube/Repository/Packs/STMicroelectronics/en.x-cube-nfc5/STM32CubeExpansion_NFC5_V2.0.0/Middlewares/ST/rfal/Src/rfal_nfcv.c:658:12:rfalNfcvPollerExtendedLockSingleBlock	128	static
C:/Users/Maxence/STM32Cube/Repository/Packs/STMicroelectronics/en.x-cube-nfc5/STM32CubeExpansion_NFC5_V2.0.0/Middlewares/ST/rfal/Src/rfal_nfcv.c:675:12:rfalNfcvPollerExtendedReadMultipleBlocks	80	static
C:/Users/Maxence/STM32Cube/Repository/Packs/STMicroelectronics/en.x-cube-nfc5/STM32CubeExpansion_NFC5_V2.0.0/Middlewares/ST/rfal/Src/rfal_nfcv.c:692:12:rfalNfcvPollerExtendedWriteMultipleBlocks	88	static
C:/Users/Maxence/STM32Cube/Repository/Packs/STMicroelectronics/en.x-cube-nfc5/STM32CubeExpansion_NFC5_V2.0.0/Middlewares/ST/rfal/Src/rfal_nfcv.c:763:12:rfalNfcvPollerGetSystemInformation	80	static
C:/Users/Maxence/STM32Cube/Repository/Packs/STMicroelectronics/en.x-cube-nfc5/STM32CubeExpansion_NFC5_V2.0.0/Middlewares/ST/rfal/Src/rfal_nfcv.c:769:12:rfalNfcvPollerExtendedGetSystemInformation	80	static
C:/Users/Maxence/STM32Cube/Repository/Packs/STMicroelectronics/en.x-cube-nfc5/STM32CubeExpansion_NFC5_V2.0.0/Middlewares/ST/rfal/Src/rfal_nfcv.c:775:12:rfalNfcvPollerTransceiveReq	112	static
