C:/Users/Maxence/STM32Cube/Repository/Packs/STMicroelectronics/en.x-cube-nfc5/STM32CubeExpansion_NFC5_V2.0.0/Projects/STM32L476RG-Nucleo/Applications/PollingTagDetect/SW4STM32/syscalls.c:70:6:initialise_monitor_handles	0	static
C:/Users/Maxence/STM32Cube/Repository/Packs/STMicroelectronics/en.x-cube-nfc5/STM32CubeExpansion_NFC5_V2.0.0/Projects/STM32L476RG-Nucleo/Applications/PollingTagDetect/SW4STM32/syscalls.c:74:5:_getpid	0	static
C:/Users/Maxence/STM32Cube/Repository/Packs/STMicroelectronics/en.x-cube-nfc5/STM32CubeExpansion_NFC5_V2.0.0/Projects/STM32L476RG-Nucleo/Applications/PollingTagDetect/SW4STM32/syscalls.c:79:5:_kill	8	static
C:/Users/Maxence/STM32Cube/Repository/Packs/STMicroelectronics/en.x-cube-nfc5/STM32CubeExpansion_NFC5_V2.0.0/Projects/STM32L476RG-Nucleo/Applications/PollingTagDetect/SW4STM32/syscalls.c:85:6:_exit	8	static
C:/Users/Maxence/STM32Cube/Repository/Packs/STMicroelectronics/en.x-cube-nfc5/STM32CubeExpansion_NFC5_V2.0.0/Projects/STM32L476RG-Nucleo/Applications/PollingTagDetect/SW4STM32/syscalls.c:91:27:_read	16	static
C:/Users/Maxence/STM32Cube/Repository/Packs/STMicroelectronics/en.x-cube-nfc5/STM32CubeExpansion_NFC5_V2.0.0/Projects/STM32L476RG-Nucleo/Applications/PollingTagDetect/SW4STM32/syscalls.c:103:27:_write	16	static
C:/Users/Maxence/STM32Cube/Repository/Packs/STMicroelectronics/en.x-cube-nfc5/STM32CubeExpansion_NFC5_V2.0.0/Projects/STM32L476RG-Nucleo/Applications/PollingTagDetect/SW4STM32/syscalls.c:114:9:_sbrk	8	static
C:/Users/Maxence/STM32Cube/Repository/Packs/STMicroelectronics/en.x-cube-nfc5/STM32CubeExpansion_NFC5_V2.0.0/Projects/STM32L476RG-Nucleo/Applications/PollingTagDetect/SW4STM32/syscalls.c:137:5:_close	0	static
C:/Users/Maxence/STM32Cube/Repository/Packs/STMicroelectronics/en.x-cube-nfc5/STM32CubeExpansion_NFC5_V2.0.0/Projects/STM32L476RG-Nucleo/Applications/PollingTagDetect/SW4STM32/syscalls.c:143:5:_fstat	0	static
C:/Users/Maxence/STM32Cube/Repository/Packs/STMicroelectronics/en.x-cube-nfc5/STM32CubeExpansion_NFC5_V2.0.0/Projects/STM32L476RG-Nucleo/Applications/PollingTagDetect/SW4STM32/syscalls.c:149:5:_isatty	0	static
C:/Users/Maxence/STM32Cube/Repository/Packs/STMicroelectronics/en.x-cube-nfc5/STM32CubeExpansion_NFC5_V2.0.0/Projects/STM32L476RG-Nucleo/Applications/PollingTagDetect/SW4STM32/syscalls.c:154:5:_lseek	0	static
C:/Users/Maxence/STM32Cube/Repository/Packs/STMicroelectronics/en.x-cube-nfc5/STM32CubeExpansion_NFC5_V2.0.0/Projects/STM32L476RG-Nucleo/Applications/PollingTagDetect/SW4STM32/syscalls.c:159:5:_open	0	static
C:/Users/Maxence/STM32Cube/Repository/Packs/STMicroelectronics/en.x-cube-nfc5/STM32CubeExpansion_NFC5_V2.0.0/Projects/STM32L476RG-Nucleo/Applications/PollingTagDetect/SW4STM32/syscalls.c:165:5:_wait	8	static
C:/Users/Maxence/STM32Cube/Repository/Packs/STMicroelectronics/en.x-cube-nfc5/STM32CubeExpansion_NFC5_V2.0.0/Projects/STM32L476RG-Nucleo/Applications/PollingTagDetect/SW4STM32/syscalls.c:171:5:_unlink	8	static
C:/Users/Maxence/STM32Cube/Repository/Packs/STMicroelectronics/en.x-cube-nfc5/STM32CubeExpansion_NFC5_V2.0.0/Projects/STM32L476RG-Nucleo/Applications/PollingTagDetect/SW4STM32/syscalls.c:177:5:_times	0	static
C:/Users/Maxence/STM32Cube/Repository/Packs/STMicroelectronics/en.x-cube-nfc5/STM32CubeExpansion_NFC5_V2.0.0/Projects/STM32L476RG-Nucleo/Applications/PollingTagDetect/SW4STM32/syscalls.c:182:5:_stat	0	static
C:/Users/Maxence/STM32Cube/Repository/Packs/STMicroelectronics/en.x-cube-nfc5/STM32CubeExpansion_NFC5_V2.0.0/Projects/STM32L476RG-Nucleo/Applications/PollingTagDetect/SW4STM32/syscalls.c:188:5:_link	8	static
C:/Users/Maxence/STM32Cube/Repository/Packs/STMicroelectronics/en.x-cube-nfc5/STM32CubeExpansion_NFC5_V2.0.0/Projects/STM32L476RG-Nucleo/Applications/PollingTagDetect/SW4STM32/syscalls.c:194:5:_fork	8	static
C:/Users/Maxence/STM32Cube/Repository/Packs/STMicroelectronics/en.x-cube-nfc5/STM32CubeExpansion_NFC5_V2.0.0/Projects/STM32L476RG-Nucleo/Applications/PollingTagDetect/SW4STM32/syscalls.c:200:5:_execve	8	static
