C:/Users/Maxence/STM32Cube/Repository/Packs/STMicroelectronics/en.x-cube-nfc5/STM32CubeExpansion_NFC5_V2.0.0/Middlewares/ST/rfal/Src/rfal_nfcf.c:146:13:rfalNfcfComputeValidSENF	72	static
C:/Users/Maxence/STM32Cube/Repository/Packs/STMicroelectronics/en.x-cube-nfc5/STM32CubeExpansion_NFC5_V2.0.0/Middlewares/ST/rfal/Src/rfal_nfcf.c:227:12:rfalNfcfPollerInitialize	8	static
C:/Users/Maxence/STM32Cube/Repository/Packs/STMicroelectronics/en.x-cube-nfc5/STM32CubeExpansion_NFC5_V2.0.0/Middlewares/ST/rfal/Src/rfal_nfcf.c:249:12:rfalNfcfPollerPoll	24	static
C:/Users/Maxence/STM32Cube/Repository/Packs/STMicroelectronics/en.x-cube-nfc5/STM32CubeExpansion_NFC5_V2.0.0/Middlewares/ST/rfal/Src/rfal_nfcf.c:255:12:rfalNfcfPollerCheckPresence	24	static
C:/Users/Maxence/STM32Cube/Repository/Packs/STMicroelectronics/en.x-cube-nfc5/STM32CubeExpansion_NFC5_V2.0.0/Middlewares/ST/rfal/Src/rfal_nfcf.c:268:12:rfalNfcfPollerCollisionResolution	56	static
C:/Users/Maxence/STM32Cube/Repository/Packs/STMicroelectronics/en.x-cube-nfc5/STM32CubeExpansion_NFC5_V2.0.0/Middlewares/ST/rfal/Src/rfal_nfcf.c:329:12:rfalNfcfPollerCheck	120	static
C:/Users/Maxence/STM32Cube/Repository/Packs/STMicroelectronics/en.x-cube-nfc5/STM32CubeExpansion_NFC5_V2.0.0/Middlewares/ST/rfal/Src/rfal_nfcf.c:416:12:rfalNfcfPollerUpdate	56	static
C:/Users/Maxence/STM32Cube/Repository/Packs/STMicroelectronics/en.x-cube-nfc5/STM32CubeExpansion_NFC5_V2.0.0/Middlewares/ST/rfal/Src/rfal_nfcf.c:514:6:rfalNfcfListenerIsT3TReq	0	static
