C:/Users/Maxence/STM32Cube/Repository/Packs/STMicroelectronics/en.x-cube-nfc5/STM32CubeExpansion_NFC5_V2.0.0/Drivers/BSP/STM32L4xx_Nucleo/stm32l4xx_nucleo.c:715:13:SPIx_Init.part.0	64	static
C:/Users/Maxence/STM32Cube/Repository/Packs/STMicroelectronics/en.x-cube-nfc5/STM32CubeExpansion_NFC5_V2.0.0/Drivers/BSP/STM32L4xx_Nucleo/stm32l4xx_nucleo.c:162:10:BSP_GetVersion	0	static
C:/Users/Maxence/STM32Cube/Repository/Packs/STMicroelectronics/en.x-cube-nfc5/STM32CubeExpansion_NFC5_V2.0.0/Drivers/BSP/STM32L4xx_Nucleo/stm32l4xx_nucleo.c:178:6:BSP_LED_Init	40	static
C:/Users/Maxence/STM32Cube/Repository/Packs/STMicroelectronics/en.x-cube-nfc5/STM32CubeExpansion_NFC5_V2.0.0/Drivers/BSP/STM32L4xx_Nucleo/stm32l4xx_nucleo.c:201:6:BSP_LED_DeInit	16	static
C:/Users/Maxence/STM32Cube/Repository/Packs/STMicroelectronics/en.x-cube-nfc5/STM32CubeExpansion_NFC5_V2.0.0/Drivers/BSP/STM32L4xx_Nucleo/stm32l4xx_nucleo.c:219:6:BSP_LED_On	0	static
C:/Users/Maxence/STM32Cube/Repository/Packs/STMicroelectronics/en.x-cube-nfc5/STM32CubeExpansion_NFC5_V2.0.0/Drivers/BSP/STM32L4xx_Nucleo/stm32l4xx_nucleo.c:231:6:BSP_LED_Off	0	static
C:/Users/Maxence/STM32Cube/Repository/Packs/STMicroelectronics/en.x-cube-nfc5/STM32CubeExpansion_NFC5_V2.0.0/Drivers/BSP/STM32L4xx_Nucleo/stm32l4xx_nucleo.c:243:6:BSP_LED_Toggle	0	static
C:/Users/Maxence/STM32Cube/Repository/Packs/STMicroelectronics/en.x-cube-nfc5/STM32CubeExpansion_NFC5_V2.0.0/Drivers/BSP/STM32L4xx_Nucleo/stm32l4xx_nucleo.c:267:6:BSP_PB_Init	40	static
C:/Users/Maxence/STM32Cube/Repository/Packs/STMicroelectronics/en.x-cube-nfc5/STM32CubeExpansion_NFC5_V2.0.0/Drivers/BSP/STM32L4xx_Nucleo/stm32l4xx_nucleo.c:306:6:BSP_PB_DeInit	8	static
C:/Users/Maxence/STM32Cube/Repository/Packs/STMicroelectronics/en.x-cube-nfc5/STM32CubeExpansion_NFC5_V2.0.0/Drivers/BSP/STM32L4xx_Nucleo/stm32l4xx_nucleo.c:321:10:BSP_PB_GetState	8	static
C:/Users/Maxence/STM32Cube/Repository/Packs/STMicroelectronics/en.x-cube-nfc5/STM32CubeExpansion_NFC5_V2.0.0/Drivers/BSP/STM32L4xx_Nucleo/stm32l4xx_nucleo.c:811:6:SD_IO_Init	64	static
C:/Users/Maxence/STM32Cube/Repository/Packs/STMicroelectronics/en.x-cube-nfc5/STM32CubeExpansion_NFC5_V2.0.0/Drivers/BSP/STM32L4xx_Nucleo/stm32l4xx_nucleo.c:855:6:SD_IO_CSState	0	static
C:/Users/Maxence/STM32Cube/Repository/Packs/STMicroelectronics/en.x-cube-nfc5/STM32CubeExpansion_NFC5_V2.0.0/Drivers/BSP/STM32L4xx_Nucleo/stm32l4xx_nucleo.c:874:6:SD_IO_WriteReadData	16	static
C:/Users/Maxence/STM32Cube/Repository/Packs/STMicroelectronics/en.x-cube-nfc5/STM32CubeExpansion_NFC5_V2.0.0/Drivers/BSP/STM32L4xx_Nucleo/stm32l4xx_nucleo.c:885:9:SD_IO_WriteByte	32	static
C:/Users/Maxence/STM32Cube/Repository/Packs/STMicroelectronics/en.x-cube-nfc5/STM32CubeExpansion_NFC5_V2.0.0/Drivers/BSP/STM32L4xx_Nucleo/stm32l4xx_nucleo.c:899:6:LCD_IO_Init	40	static
C:/Users/Maxence/STM32Cube/Repository/Packs/STMicroelectronics/en.x-cube-nfc5/STM32CubeExpansion_NFC5_V2.0.0/Drivers/BSP/STM32L4xx_Nucleo/stm32l4xx_nucleo.c:930:6:LCD_IO_WriteReg	24	static
C:/Users/Maxence/STM32Cube/Repository/Packs/STMicroelectronics/en.x-cube-nfc5/STM32CubeExpansion_NFC5_V2.0.0/Drivers/BSP/STM32L4xx_Nucleo/stm32l4xx_nucleo.c:951:6:LCD_IO_WriteMultipleData	32	static
C:/Users/Maxence/STM32Cube/Repository/Packs/STMicroelectronics/en.x-cube-nfc5/STM32CubeExpansion_NFC5_V2.0.0/Drivers/BSP/STM32L4xx_Nucleo/stm32l4xx_nucleo.c:1007:6:LCD_Delay	0	static
