C:/Users/Maxence/STM32Cube/Repository/Packs/STMicroelectronics/en.x-cube-nfc5/STM32CubeExpansion_NFC5_V2.0.0/Drivers/BSP/Components/ST25R3911/st25r3911_interrupt.c:86:6:st25r3911InitInterrupts	0	static
C:/Users/Maxence/STM32Cube/Repository/Packs/STMicroelectronics/en.x-cube-nfc5/STM32CubeExpansion_NFC5_V2.0.0/Drivers/BSP/Components/ST25R3911/st25r3911_interrupt.c:118:6:st25r3911CheckForReceivedInterrupts	24	static,ignoring_inline_asm
C:/Users/Maxence/STM32Cube/Repository/Packs/STMicroelectronics/en.x-cube-nfc5/STM32CubeExpansion_NFC5_V2.0.0/Drivers/BSP/Components/ST25R3911/st25r3911_interrupt.c:108:6:st25r3911Isr	8	static
C:/Users/Maxence/STM32Cube/Repository/Packs/STMicroelectronics/en.x-cube-nfc5/STM32CubeExpansion_NFC5_V2.0.0/Drivers/BSP/Components/ST25R3911/st25r3911_interrupt.c:161:6:st25r3911ModifyInterrupts	16	static
C:/Users/Maxence/STM32Cube/Repository/Packs/STMicroelectronics/en.x-cube-nfc5/STM32CubeExpansion_NFC5_V2.0.0/Drivers/BSP/Components/ST25R3911/st25r3911_interrupt.c:182:10:st25r3911WaitForInterruptsTimed	24	static,ignoring_inline_asm
C:/Users/Maxence/STM32Cube/Repository/Packs/STMicroelectronics/en.x-cube-nfc5/STM32CubeExpansion_NFC5_V2.0.0/Drivers/BSP/Components/ST25R3911/st25r3911_interrupt.c:202:10:st25r3911GetInterrupt	8	static,ignoring_inline_asm
C:/Users/Maxence/STM32Cube/Repository/Packs/STMicroelectronics/en.x-cube-nfc5/STM32CubeExpansion_NFC5_V2.0.0/Drivers/BSP/Components/ST25R3911/st25r3911_interrupt.c:216:6:st25r3911EnableInterrupts	16	static
C:/Users/Maxence/STM32Cube/Repository/Packs/STMicroelectronics/en.x-cube-nfc5/STM32CubeExpansion_NFC5_V2.0.0/Drivers/BSP/Components/ST25R3911/st25r3911_interrupt.c:221:6:st25r3911DisableInterrupts	16	static
C:/Users/Maxence/STM32Cube/Repository/Packs/STMicroelectronics/en.x-cube-nfc5/STM32CubeExpansion_NFC5_V2.0.0/Drivers/BSP/Components/ST25R3911/st25r3911_interrupt.c:226:6:st25r3911ClearInterrupts	16	static,ignoring_inline_asm
C:/Users/Maxence/STM32Cube/Repository/Packs/STMicroelectronics/en.x-cube-nfc5/STM32CubeExpansion_NFC5_V2.0.0/Drivers/BSP/Components/ST25R3911/st25r3911_interrupt.c:238:6:st25r3911IRQCallbackSet	0	static
C:/Users/Maxence/STM32Cube/Repository/Packs/STMicroelectronics/en.x-cube-nfc5/STM32CubeExpansion_NFC5_V2.0.0/Drivers/BSP/Components/ST25R3911/st25r3911_interrupt.c:244:6:st25r3911IRQCallbackRestore	0	static
