Archive member included to satisfy reference by file (symbol)

c:/st/stm32cubeide_1.11.2/stm32cubeide/plugins/com.st.stm32cube.ide.mcu.externaltools.gnu-tools-for-stm32.10.3-2021.10.win32_1.0.100.202210260954/tools/bin/../lib/gcc/arm-none-eabi/10.3.1/../../../../arm-none-eabi/lib/thumb/v7e-m+fp/hard\libc_nano.a(lib_a-errno.o)
                              ./Example/SW4STM32/syscalls.o (__errno)
c:/st/stm32cubeide_1.11.2/stm32cubeide/plugins/com.st.stm32cube.ide.mcu.externaltools.gnu-tools-for-stm32.10.3-2021.10.win32_1.0.100.202210260954/tools/bin/../lib/gcc/arm-none-eabi/10.3.1/../../../../arm-none-eabi/lib/thumb/v7e-m+fp/hard\libc_nano.a(lib_a-exit.o)
                              c:/st/stm32cubeide_1.11.2/stm32cubeide/plugins/com.st.stm32cube.ide.mcu.externaltools.gnu-tools-for-stm32.10.3-2021.10.win32_1.0.100.202210260954/tools/bin/../lib/gcc/arm-none-eabi/10.3.1/../../../../arm-none-eabi/lib/thumb/v7e-m+fp/hard/crt0.o (exit)
c:/st/stm32cubeide_1.11.2/stm32cubeide/plugins/com.st.stm32cube.ide.mcu.externaltools.gnu-tools-for-stm32.10.3-2021.10.win32_1.0.100.202210260954/tools/bin/../lib/gcc/arm-none-eabi/10.3.1/../../../../arm-none-eabi/lib/thumb/v7e-m+fp/hard\libc_nano.a(lib_a-impure.o)
                              c:/st/stm32cubeide_1.11.2/stm32cubeide/plugins/com.st.stm32cube.ide.mcu.externaltools.gnu-tools-for-stm32.10.3-2021.10.win32_1.0.100.202210260954/tools/bin/../lib/gcc/arm-none-eabi/10.3.1/../../../../arm-none-eabi/lib/thumb/v7e-m+fp/hard\libc_nano.a(lib_a-exit.o) (_global_impure_ptr)
c:/st/stm32cubeide_1.11.2/stm32cubeide/plugins/com.st.stm32cube.ide.mcu.externaltools.gnu-tools-for-stm32.10.3-2021.10.win32_1.0.100.202210260954/tools/bin/../lib/gcc/arm-none-eabi/10.3.1/../../../../arm-none-eabi/lib/thumb/v7e-m+fp/hard\libc_nano.a(lib_a-init.o)
                              c:/st/stm32cubeide_1.11.2/stm32cubeide/plugins/com.st.stm32cube.ide.mcu.externaltools.gnu-tools-for-stm32.10.3-2021.10.win32_1.0.100.202210260954/tools/bin/../lib/gcc/arm-none-eabi/10.3.1/../../../../arm-none-eabi/lib/thumb/v7e-m+fp/hard/crt0.o (__libc_init_array)
c:/st/stm32cubeide_1.11.2/stm32cubeide/plugins/com.st.stm32cube.ide.mcu.externaltools.gnu-tools-for-stm32.10.3-2021.10.win32_1.0.100.202210260954/tools/bin/../lib/gcc/arm-none-eabi/10.3.1/../../../../arm-none-eabi/lib/thumb/v7e-m+fp/hard\libc_nano.a(lib_a-memcmp.o)
                              ./Middlewares/RFAL/rfal_nfcf.o (memcmp)
c:/st/stm32cubeide_1.11.2/stm32cubeide/plugins/com.st.stm32cube.ide.mcu.externaltools.gnu-tools-for-stm32.10.3-2021.10.win32_1.0.100.202210260954/tools/bin/../lib/gcc/arm-none-eabi/10.3.1/../../../../arm-none-eabi/lib/thumb/v7e-m+fp/hard\libc_nano.a(lib_a-memcpy-stub.o)
                              ./Drivers/BSP/Components/st25r3911.o (memcpy)
c:/st/stm32cubeide_1.11.2/stm32cubeide/plugins/com.st.stm32cube.ide.mcu.externaltools.gnu-tools-for-stm32.10.3-2021.10.win32_1.0.100.202210260954/tools/bin/../lib/gcc/arm-none-eabi/10.3.1/../../../../arm-none-eabi/lib/thumb/v7e-m+fp/hard\libc_nano.a(lib_a-memmove.o)
                              ./Middlewares/RFAL/rfal_isoDep.o (memmove)
c:/st/stm32cubeide_1.11.2/stm32cubeide/plugins/com.st.stm32cube.ide.mcu.externaltools.gnu-tools-for-stm32.10.3-2021.10.win32_1.0.100.202210260954/tools/bin/../lib/gcc/arm-none-eabi/10.3.1/../../../../arm-none-eabi/lib/thumb/v7e-m+fp/hard\libc_nano.a(lib_a-memset.o)
                              c:/st/stm32cubeide_1.11.2/stm32cubeide/plugins/com.st.stm32cube.ide.mcu.externaltools.gnu-tools-for-stm32.10.3-2021.10.win32_1.0.100.202210260954/tools/bin/../lib/gcc/arm-none-eabi/10.3.1/../../../../arm-none-eabi/lib/thumb/v7e-m+fp/hard/crt0.o (memset)
c:/st/stm32cubeide_1.11.2/stm32cubeide/plugins/com.st.stm32cube.ide.mcu.externaltools.gnu-tools-for-stm32.10.3-2021.10.win32_1.0.100.202210260954/tools/bin/../lib/gcc/arm-none-eabi/10.3.1/../../../../arm-none-eabi/lib/thumb/v7e-m+fp/hard\libc_nano.a(lib_a-strcmp.o)
                              ./Example/User/demo.o (strcmp)
c:/st/stm32cubeide_1.11.2/stm32cubeide/plugins/com.st.stm32cube.ide.mcu.externaltools.gnu-tools-for-stm32.10.3-2021.10.win32_1.0.100.202210260954/tools/bin/../lib/gcc/arm-none-eabi/10.3.1/../../../../arm-none-eabi/lib/thumb/v7e-m+fp/hard\libc_nano.a(lib_a-strlen.o)
                              ./Example/User/logger.o (strlen)
c:/st/stm32cubeide_1.11.2/stm32cubeide/plugins/com.st.stm32cube.ide.mcu.externaltools.gnu-tools-for-stm32.10.3-2021.10.win32_1.0.100.202210260954/tools/bin/../lib/gcc/arm-none-eabi/10.3.1/../../../../arm-none-eabi/lib/thumb/v7e-m+fp/hard\libc_nano.a(lib_a-vsnprintf.o)
                              ./Example/User/logger.o (vsnprintf)
c:/st/stm32cubeide_1.11.2/stm32cubeide/plugins/com.st.stm32cube.ide.mcu.externaltools.gnu-tools-for-stm32.10.3-2021.10.win32_1.0.100.202210260954/tools/bin/../lib/gcc/arm-none-eabi/10.3.1/../../../../arm-none-eabi/lib/thumb/v7e-m+fp/hard\libc_nano.a(lib_a-nano-svfprintf.o)
[...]
Memory Configuration

Name             Origin             Length             Attributes
FLASH            0x0000000008000000 0x0000000000100000 xr
RAM              0x0000000020000000 0x0000000000018000 xrw
SRAM2            0x0000000010000000 0x0000000000008000 xrw
*default*        0x0000000000000000 0xffffffffffffffff

Linker script and memory map

LOAD c:/st/stm32cubeide_1.11.2/stm32cubeide/plugins/com.st.stm32cube.ide.mcu.externaltools.gnu-tools-for-stm32.10.3-2021.10.win32_1.0.100.202210260954/tools/bin/../lib/gcc/arm-none-eabi/10.3.1/thumb/v7e-m+fp/hard/crti.o
LOAD c:/st/stm32cubeide_1.11.2/stm32cubeide/plugins/com.st.stm32cube.ide.mcu.externaltools.gnu-tools-for-stm32.10.3-2021.10.win32_1.0.100.202210260954/tools/bin/../lib/gcc/arm-none-eabi/10.3.1/thumb/v7e-m+fp/hard/crtbegin.o
LOAD c:/st/stm32cubeide_1.11.2/stm32cubeide/plugins/com.st.stm32cube.ide.mcu.externaltools.gnu-tools-for-stm32.10.3-2021.10.win32_1.0.100.202210260954/tools/bin/../lib/gcc/arm-none-eabi/10.3.1/../../../../arm-none-eabi/lib/thumb/v7e-m+fp/hard/crt0.o
LOAD ./Drivers/BSP/Components/st25r3911.o
LOAD ./Drivers/BSP/Components/st25r3911_com.o
LOAD ./Drivers/BSP/Components/st25r3911_interrupt.o
LOAD ./Drivers/BSP/Components/timer.o
LOAD ./Drivers/BSP/STM32L4xx_Nucleo/stm32l4xx_nucleo.o
LOAD ./Drivers/CMSIS/system_stm32l4xx.o
LOAD ./Drivers/STM32L4xx_HAL_Driver/stm32l4xx_hal.o
LOAD ./Drivers/STM32L4xx_HAL_Driver/stm32l4xx_hal_cortex.o
LOAD ./Drivers/STM32L4xx_HAL_Driver/stm32l4xx_hal_crc.o
LOAD ./Drivers/STM32L4xx_HAL_Driver/stm32l4xx_hal_crc_ex.o
LOAD ./Drivers/STM32L4xx_HAL_Driver/stm32l4xx_hal_dma.o
LOAD ./Drivers/STM32L4xx_HAL_Driver/stm32l4xx_hal_exti.o
LOAD ./Drivers/STM32L4xx_HAL_Driver/stm32l4xx_hal_flash.o
LOAD ./Drivers/STM32L4xx_HAL_Driver/stm32l4xx_hal_flash_ex.o
LOAD ./Drivers/STM32L4xx_HAL_Driver/stm32l4xx_hal_flash_ramfunc.o
LOAD ./Drivers/STM32L4xx_HAL_Driver/stm32l4xx_hal_gpio.o
LOAD ./Drivers/STM32L4xx_HAL_Driver/stm32l4xx_hal_i2c.o
LOAD ./Drivers/STM32L4xx_HAL_Driver/stm32l4xx_hal_i2c_ex.o
LOAD ./Drivers/STM32L4xx_HAL_Driver/stm32l4xx_hal_pwr.o
LOAD ./Drivers/STM32L4xx_HAL_Driver/stm32l4xx_hal_pwr_ex.o
LOAD ./Drivers/STM32L4xx_HAL_Driver/stm32l4xx_hal_rcc.o
LOAD ./Drivers/STM32L4xx_HAL_Driver/stm32l4xx_hal_rcc_ex.o
LOAD ./Drivers/STM32L4xx_HAL_Driver/stm32l4xx_hal_rtc.o
LOAD ./Drivers/STM32L4xx_HAL_Driver/stm32l4xx_hal_rtc_ex.o
LOAD ./Drivers/STM32L4xx_HAL_Driver/stm32l4xx_hal_spi.o
LOAD ./Drivers/STM32L4xx_HAL_Driver/stm32l4xx_hal_spi_ex.o
LOAD ./Drivers/STM32L4xx_HAL_Driver/stm32l4xx_hal_tim.o
LOAD ./Drivers/STM32L4xx_HAL_Driver/stm32l4xx_hal_tim_ex.o
LOAD ./Drivers/STM32L4xx_HAL_Driver/stm32l4xx_hal_uart.o
LOAD ./Drivers/STM32L4xx_HAL_Driver/stm32l4xx_hal_uart_ex.o
LOAD ./Example/SW4STM32/startup_stm32l476xx.o
LOAD ./Example/SW4STM32/syscalls.o
LOAD ./Example/User/demo.o
LOAD ./Example/User/logger.o
LOAD ./Example/User/main.o
LOAD ./Example/User/spi.o
LOAD ./Example/User/stm32l4xx_hal_msp.o
LOAD ./Example/User/stm32l4xx_it.o
LOAD ./Example/User/usart.o
LOAD ./Middlewares/RFAL/rfal_analogConfig.o
LOAD ./Middlewares/RFAL/rfal_crc.o
LOAD ./Middlewares/RFAL/rfal_iso15693_2.o
LOAD ./Middlewares/RFAL/rfal_isoDep.o
LOAD ./Middlewares/RFAL/rfal_nfc.o
LOAD ./Middlewares/RFAL/rfal_nfcDep.o
LOAD ./Middlewares/RFAL/rfal_nfca.o
LOAD ./Middlewares/RFAL/rfal_nfcb.o
LOAD ./Middlewares/RFAL/rfal_nfcf.o
LOAD ./Middlewares/RFAL/rfal_nfcv.o
LOAD ./Middlewares/RFAL/rfal_rfst25r3911.o
LOAD ./Middlewares/RFAL/rfal_st25tb.o
LOAD ./Middlewares/RFAL/rfal_st25xv.o
LOAD ./Middlewares/RFAL/rfal_t1t.o
LOAD ./Middlewares/RFAL/rfal_t2t.o
LOAD ./Middlewares/RFAL/rfal_t4t.o
START GROUP
LOAD c:/st/stm32cubeide_1.11.2/stm32cubeide/plugins/com.st.stm32cube.ide.mcu.externaltools.gnu-tools-for-stm32.10.3-2021.10.win32_1.0.100.202210260954/tools/bin/../lib/gcc/arm-none-eabi/10.3.1/../../../../arm-none-eabi/lib/thumb/v7e-m+fp/hard\libc_nano.a
LOAD c:/st/stm32cubeide_1.11.2/stm32cubeide/plugins/com.st.stm32cube.ide.mcu.externaltools.gnu-tools-for-stm32.10.3-2021.10.win32_1.0.100.202210260954/tools/bin/../lib/gcc/arm-none-eabi/10.3.1/../../../../arm-none-eabi/lib/thumb/v7e-m+fp/hard\libm.a
END GROUP
START GROUP
LOAD c:/st/stm32cubeide_1.11.2/stm32cubeide/plugins/com.st.stm32cube.ide.mcu.externaltools.gnu-tools-for-stm32.10.3-2021.10.win32_1.0.100.202210260954/tools/bin/../lib/gcc/arm-none-eabi/10.3.1/thumb/v7e-m+fp/hard\libgcc.a
LOAD c:/st/stm32cubeide_1.11.2/stm32cubeide/plugins/com.st.stm32cube.ide.mcu.externaltools.gnu-tools-for-stm32.10.3-2021.10.win32_1.0.100.202210260954/tools/bin/../lib/gcc/arm-none-eabi/10.3.1/../../../../arm-none-eabi/lib/thumb/v7e-m+fp/hard\libc_nano.a
END GROUP
START GROUP
LOAD c:/st/stm32cubeide_1.11.2/stm32cubeide/plugins/com.st.stm32cube.ide.mcu.externaltools.gnu-tools-for-stm32.10.3-2021.10.win32_1.0.100.202210260954/tools/bin/../lib/gcc/arm-none-eabi/10.3.1/thumb/v7e-m+fp/hard\libgcc.a
LOAD c:/st/stm32cubeide_1.11.2/stm32cubeide/plugins/com.st.stm32cube.ide.mcu.externaltools.gnu-tools-for-stm32.10.3-2021.10.win32_1.0.100.202210260954/tools/bin/../lib/gcc/arm-none-eabi/10.3.1/../../../../arm-none-eabi/lib/thumb/v7e-m+fp/hard\libc_nano.a
LOAD c:/st/stm32cubeide_1.11.2/stm32cubeide/plugins/com.st.stm32cube.ide.mcu.externaltools.gnu-tools-for-stm32.10.3-2021.10.win32_1.0.100.202210260954/tools/bin/../lib/gcc/arm-none-eabi/10.3.1/../../../../arm-none-eabi/lib/thumb/v7e-m+fp/hard\libnosys.a
END GROUP
START GROUP
LOAD c:/st/stm32cubeide_1.11.2/stm32cubeide/plugins/com.st.stm32cube.ide.mcu.externaltools.gnu-tools-for-stm32.10.3-2021.10.win32_1.0.100.202210260954/tools/bin/../lib/gcc/arm-none-eabi/10.3.1/thumb/v7e-m+fp/hard\libgcc.a
LOAD c:/st/stm32cubeide_1.11.2/stm32cubeide/plugins/com.st.stm32cube.ide.mcu.externaltools.gnu-tools-for-stm32.10.3-2021.10.win32_1.0.100.202210260954/tools/bin/../lib/gcc/arm-none-eabi/10.3.1/../../../../arm-none-eabi/lib/thumb/v7e-m+fp/hard\libc_nano.a
LOAD c:/st/stm32cubeide_1.11.2/stm32cubeide/plugins/com.st.stm32cube.ide.mcu.externaltools.gnu-tools-for-stm32.10.3-2021.10.win32_1.0.100.202210260954/tools/bin/../lib/gcc/arm-none-eabi/10.3.1/../../../../arm-none-eabi/lib/thumb/v7e-m+fp/hard\libnosys.a
END GROUP
LOAD c:/st/stm32cubeide_1.11.2/stm32cubeide/plugins/com.st.stm32cube.ide.mcu.externaltools.gnu-tools-for-stm32.10.3-2021.10.win32_1.0.100.202210260954/tools/bin/../lib/gcc/arm-none-eabi/10.3.1/thumb/v7e-m+fp/hard/crtend.o
LOAD c:/st/stm32cubeide_1.11.2/stm32cubeide/plugins/com.st.stm32cube.ide.mcu.externaltools.gnu-tools-for-stm32.10.3-2021.10.win32_1.0.100.202210260954/tools/bin/../lib/gcc/arm-none-eabi/10.3.1/thumb/v7e-m+fp/hard/crtn.o
                0x0000000020018000                _estack = 0x20018000
                0x0000000000000200                _Min_Heap_Size = 0x200
                0x0000000000008000                _Min_Stack_Size = 0x8000

.isr_vector     0x0000000008000000      0x188
                0x0000000008000000                . = ALIGN (0x8)
 *(.isr_vector)
 .isr_vector    0x0000000008000000      0x188 ./Example/SW4STM32/startup_stm32l476xx.o
                0x0000000008000000                g_pfnVectors
                0x0000000008000188                . = ALIGN (0x8)

.text           0x0000000008000190     0xc188
                0x0000000008000190                . = ALIGN (0x8)
 *(.text)
 .text          0x0000000008000190       0x40 c:/st/stm32cubeide_1.11.2/stm32cubeide/plugins/com.st.stm32cube.ide.mcu.externaltools.gnu-tools-for-stm32.10.3-2021.10.win32_1.0.100.202210260954/tools/bin/../lib/gcc/arm-none-eabi/10.3.1/thumb/v7e-m+fp/hard/crtbegin.o
 .text          0x00000000080001d0       0x14 c:/st/stm32cubeide_1.11.2/stm32cubeide/plugins/com.st.stm32cube.ide.mcu.externaltools.gnu-tools-for-stm32.10.3-2021.10.win32_1.0.100.202210260954/tools/bin/../lib/gcc/arm-none-eabi/10.3.1/../../../../arm-none-eabi/lib/thumb/v7e-m+fp/hard\libc_nano.a(lib_a-strcmp.o)
                0x00000000080001d0                strcmp
 .text          0x00000000080001e4       0x10 c:/st/stm32cubeide_1.11.2/stm32cubeide/plugins/com.st.stm32cube.ide.mcu.externaltools.gnu-tools-for-stm32.10.3-2021.10.win32_1.0.100.202210260954/tools/bin/../lib/gcc/arm-none-eabi/10.3.1/../../../../arm-none-eabi/lib/thumb/v7e-m+fp/hard\libc_nano.a(lib_a-strlen.o)
                0x00000000080001e4                strlen
 *fill*         0x00000000080001f4        0xc 
 .text          0x0000000008000200       0xa0 c:/st/stm32cubeide_1.11.2/stm32cubeide/plugins/com.st.stm32cube.ide.mcu.externaltools.gnu-tools-for-stm32.10.3-2021.10.win32_1.0.100.202210260954/tools/bin/../lib/gcc/arm-none-eabi/10.3.1/../../../../arm-none-eabi/lib/thumb/v7e-m+fp/hard\libc_nano.a(lib_a-memchr.o)
                0x0000000008000200                memchr
 .text          0x00000000080002a0       0x30 c:/st/stm32cubeide_1.11.2/stm32cubeide/plugins/com.st.stm32cube.ide.mcu.externaltools.gnu-tools-for-stm32.10.3-2021.10.win32_1.0.100.202210260954/tools/bin/../lib/gcc/arm-none-eabi/10.3.1/thumb/v7e-m+fp/hard\libgcc.a(_aeabi_uldivmod.o)
                0x00000000080002a0                __aeabi_uldivmod
 .text          0x00000000080002d0      0x2d0 c:/st/stm32cubeide_1.11.2/stm32cubeide/plugins/com.st.stm32cube.ide.mcu.externaltools.gnu-tools-for-stm32.10.3-2021.10.win32_1.0.100.202210260954/tools/bin/../lib/gcc/arm-none-eabi/10.3.1/thumb/v7e-m+fp/hard\libgcc.a(_udivmoddi4.o)
                0x00000000080002d0                __udivmoddi4
 .text          0x00000000080005a0        0x4 c:/st/stm32cubeide_1.11.2/stm32cubeide/plugins/com.st.stm32cube.ide.mcu.externaltools.gnu-tools-for-stm32.10.3-2021.10.win32_1.0.100.202210260954/tools/bin/../lib/gcc/arm-none-eabi/10.3.1/thumb/v7e-m+fp/hard\libgcc.a(_dvmd_tls.o)
                0x00000000080005a0                __aeabi_idiv0
                0x00000000080005a0                __aeabi_ldiv0
 *(.text*)
 .text.st25r3911TxRxOn
                0x00000000080005a4        0x8 ./Drivers/BSP/Components/st25r3911.o
                0x00000000080005a4                st25r3911TxRxOn
 .text.st25r3911TxRxOff
                0x00000000080005ac        0x8 ./Drivers/BSP/Components/st25r3911.o
                0x00000000080005ac                st25r3911TxRxOff
 .text.st25r3911OscOn
                0x00000000080005b4       0x4c ./Drivers/BSP/Components/st25r3911.o
                0x00000000080005b4                st25r3911OscOn
 .text.st25r3911Initialize
                0x0000000008000600       0xf0 ./Drivers/BSP/Components/st25r3911.o
                0x0000000008000600                st25r3911Initialize
 .text.st25r3911AdjustRegulators
                0x00000000080006f0       0x90 ./Drivers/BSP/Components/st25r3911.o
                0x00000000080006f0                st25r3911AdjustRegulators
 .text.st25r3911MeasureAmplitude
                0x0000000008000780       0x3c ./Drivers/BSP/Components/st25r3911.o
                0x0000000008000780                st25r3911MeasureAmplitude
 .text.st25r3911MeasurePhase
                0x00000000080007bc       0x3c ./Drivers/BSP/Components/st25r3911.o
                0x00000000080007bc                st25r3911MeasurePhase
 .text.st25r3911MeasureCapacitance
                0x00000000080007f8       0x3c ./Drivers/BSP/Components/st25r3911.o
                0x00000000080007f8                st25r3911MeasureCapacitance
 .text.st25r3911CalibrateAntenna
                0x0000000008000834       0x3c ./Drivers/BSP/Components/st25r3911.o
                0x0000000008000834                st25r3911CalibrateAntenna
 .text.st25r3911CalibrateCapacitiveSensor
                0x0000000008000870       0x64 ./Drivers/BSP/Components/st25r3911.o
                0x0000000008000870                st25r3911CalibrateCapacitiveSensor
 .text.st25r3911SetBitrate
                0x00000000080008d4       0x5c ./Drivers/BSP/Components/st25r3911.o
                0x00000000080008d4                st25r3911SetBitrate
 .text.st25r3911StartGPTimer_8fcs
                0x0000000008000930       0x30 ./Drivers/BSP/Components/st25r3911.o
                0x0000000008000930                st25r3911StartGPTimer_8fcs
 .text.st25r3911CheckReg
                0x0000000008000960       0x28 ./Drivers/BSP/Components/st25r3911.o
                0x0000000008000960                st25r3911CheckReg
 .text.st25r3911CheckChipID
                0x0000000008000988       0x3c ./Drivers/BSP/Components/st25r3911.o
                0x0000000008000988                st25r3911CheckChipID
 .text.st25r3911SetNoResponseTime_64fcs
                0x00000000080009c4       0x64 ./Drivers/BSP/Components/st25r3911.o
                0x00000000080009c4                st25r3911SetNoResponseTime_64fcs
 .text.st25r3911PerformCollisionAvoidance
                0x0000000008000a28       0x8c ./Drivers/BSP/Components/st25r3911.o
                0x0000000008000a28                st25r3911PerformCollisionAvoidance
 .text.st25r3911SetNumTxBits
                0x0000000008000ab4       0x1c ./Drivers/BSP/Components/st25r3911.o
                0x0000000008000ab4                st25r3911SetNumTxBits
 .text.st25r3911StreamConfigure
                0x0000000008000ad0       0x68 ./Drivers/BSP/Components/st25r3911.o
                0x0000000008000ad0                st25r3911StreamConfigure
 .text.st25r3911ReadRegister
                0x0000000008000b38       0x78 ./Drivers/BSP/Components/st25r3911_com.o
                0x0000000008000b38                st25r3911ReadRegister
 .text.st25r3911ReadMultipleRegisters
                0x0000000008000bb0       0x84 ./Drivers/BSP/Components/st25r3911_com.o
                0x0000000008000bb0                st25r3911ReadMultipleRegisters
 .text.st25r3911WriteTestRegister
                0x0000000008000c34       0x74 ./Drivers/BSP/Components/st25r3911_com.o
                0x0000000008000c34                st25r3911WriteTestRegister
 .text.st25r3911WriteRegister
                0x0000000008000ca8       0x88 ./Drivers/BSP/Components/st25r3911_com.o
                0x0000000008000ca8                st25r3911WriteRegister
 .text.st25r3911ClrRegisterBits
                0x0000000008000d30       0x84 ./Drivers/BSP/Components/st25r3911_com.o
                0x0000000008000d30                st25r3911ClrRegisterBits
 .text.st25r3911SetRegisterBits
                0x0000000008000db4       0x84 ./Drivers/BSP/Components/st25r3911_com.o
                0x0000000008000db4                st25r3911SetRegisterBits
 .text.st25r3911ChangeRegisterBits
                0x0000000008000e38       0x8c ./Drivers/BSP/Components/st25r3911_com.o
                0x0000000008000e38                st25r3911ChangeRegisterBits
 .text.st25r3911ModifyRegister
                0x0000000008000ec4       0x88 ./Drivers/BSP/Components/st25r3911_com.o
                0x0000000008000ec4                st25r3911ModifyRegister
 .text.st25r3911ChangeTestRegisterBits
                0x0000000008000f4c       0xe4 ./Drivers/BSP/Components/st25r3911_com.o
                0x0000000008000f4c                st25r3911ChangeTestRegisterBits
 .text.st25r3911WriteFifo
                0x0000000008001030       0x84 ./Drivers/BSP/Components/st25r3911_com.o
                0x0000000008001030                st25r3911WriteFifo
 .text.st25r3911ReadFifo
                0x00000000080010b4       0x84 ./Drivers/BSP/Components/st25r3911_com.o
                0x00000000080010b4                st25r3911ReadFifo
 .text.st25r3911ExecuteCommand
                0x0000000008001138       0x80 ./Drivers/BSP/Components/st25r3911_com.o
                0x0000000008001138                st25r3911ExecuteCommand
 .text.st25r3911ExecuteCommands
                0x00000000080011b8       0x64 ./Drivers/BSP/Components/st25r3911_com.o
                0x00000000080011b8                st25r3911ExecuteCommands
 .text.st25r3911InitInterrupts
                0x000000000800121c       0x1c ./Drivers/BSP/Components/st25r3911_interrupt.o
                0x000000000800121c                st25r3911InitInterrupts
 .text.st25r3911CheckForReceivedInterrupts
                0x0000000008001238       0xa4 ./Drivers/BSP/Components/st25r3911_interrupt.o
                0x0000000008001238                st25r3911CheckForReceivedInterrupts
 .text.st25r3911Isr
                0x00000000080012dc       0x1c ./Drivers/BSP/Components/st25r3911_interrupt.o
                0x00000000080012dc                st25r3911Isr
 .text.st25r3911WaitForInterruptsTimed
                0x00000000080012f8       0x78 ./Drivers/BSP/Components/st25r3911_interrupt.o
                0x00000000080012f8                st25r3911WaitForInterruptsTimed
 .text.st25r3911GetInterrupt
                0x0000000008001370       0x4c ./Drivers/BSP/Components/st25r3911_interrupt.o
                0x0000000008001370                st25r3911GetInterrupt
 .text.st25r3911EnableInterrupts
                0x00000000080013bc       0x50 ./Drivers/BSP/Components/st25r3911_interrupt.o
                0x00000000080013bc                st25r3911EnableInterrupts
 .text.st25r3911DisableInterrupts
                0x000000000800140c       0x50 ./Drivers/BSP/Components/st25r3911_interrupt.o
                0x000000000800140c                st25r3911DisableInterrupts
 .text.st25r3911ClearInterrupts
                0x000000000800145c       0x4c ./Drivers/BSP/Components/st25r3911_interrupt.o
                0x000000000800145c                st25r3911ClearInterrupts
 .text.timerCalculateTimer
                0x00000000080014a8        0xc ./Drivers/BSP/Components/timer.o
                0x00000000080014a8                timerCalculateTimer
 .text.timerIsExpired
                0x00000000080014b4       0x10 ./Drivers/BSP/Components/timer.o
                0x00000000080014b4                timerIsExpired
 .text.SystemInit
                0x00000000080014c4       0x50 ./Drivers/CMSIS/system_stm32l4xx.o
                0x00000000080014c4                SystemInit
 .text.HAL_InitTick
                0x0000000008001514       0x48 ./Drivers/STM32L4xx_HAL_Driver/stm32l4xx_hal.o
                0x0000000008001514                HAL_InitTick
 .text.HAL_Init
                0x000000000800155c       0x20 ./Drivers/STM32L4xx_HAL_Driver/stm32l4xx_hal.o
                0x000000000800155c                HAL_Init
 .text.HAL_IncTick
                0x000000000800157c       0x18 ./Drivers/STM32L4xx_HAL_Driver/stm32l4xx_hal.o
                0x000000000800157c                HAL_IncTick
 .text.HAL_GetTick
                0x0000000008001594        0xc ./Drivers/STM32L4xx_HAL_Driver/stm32l4xx_hal.o
                0x0000000008001594                HAL_GetTick
 .text.HAL_Delay
                0x00000000080015a0       0x24 ./Drivers/STM32L4xx_HAL_Driver/stm32l4xx_hal.o
                0x00000000080015a0                HAL_Delay
 .text.HAL_NVIC_SetPriorityGrouping
                0x00000000080015c4       0x24 ./Drivers/STM32L4xx_HAL_Driver/stm32l4xx_hal_cortex.o
                0x00000000080015c4                HAL_NVIC_SetPriorityGrouping
 .text.HAL_NVIC_SetPriority
                0x00000000080015e8       0x7c ./Drivers/STM32L4xx_HAL_Driver/stm32l4xx_hal_cortex.o
                0x00000000080015e8                HAL_NVIC_SetPriority
 .text.HAL_NVIC_EnableIRQ
                0x0000000008001664       0x18 ./Drivers/STM32L4xx_HAL_Driver/stm32l4xx_hal_cortex.o
                0x0000000008001664                HAL_NVIC_EnableIRQ
 .text.HAL_SYSTICK_Config
                0x000000000800167c       0x34 ./Drivers/STM32L4xx_HAL_Driver/stm32l4xx_hal_cortex.o
                0x000000000800167c                HAL_SYSTICK_Config
 .text.HAL_SYSTICK_CLKSourceConfig
                0x00000000080016b0       0x18 ./Drivers/STM32L4xx_HAL_Driver/stm32l4xx_hal_cortex.o
                0x00000000080016b0                HAL_SYSTICK_CLKSourceConfig
 .text.HAL_SYSTICK_Callback
                0x00000000080016c8        0x4 ./Drivers/STM32L4xx_HAL_Driver/stm32l4xx_hal_cortex.o
                0x00000000080016c8                HAL_SYSTICK_Callback
 .text.HAL_SYSTICK_IRQHandler
                0x00000000080016cc        0x8 ./Drivers/STM32L4xx_HAL_Driver/stm32l4xx_hal_cortex.o
                0x00000000080016cc                HAL_SYSTICK_IRQHandler
 .text.HAL_GPIO_Init
                0x00000000080016d4      0x24c ./Drivers/STM32L4xx_HAL_Driver/stm32l4xx_hal_gpio.o
                0x00000000080016d4                HAL_GPIO_Init
 .text.HAL_GPIO_ReadPin
                0x0000000008001920        0xc ./Drivers/STM32L4xx_HAL_Driver/stm32l4xx_hal_gpio.o
                0x0000000008001920                HAL_GPIO_ReadPin
 .text.HAL_GPIO_WritePin
                0x000000000800192c        0xc ./Drivers/STM32L4xx_HAL_Driver/stm32l4xx_hal_gpio.o
                0x000000000800192c                HAL_GPIO_WritePin
 .text.HAL_GPIO_TogglePin
                0x0000000008001938        0xc ./Drivers/STM32L4xx_HAL_Driver/stm32l4xx_hal_gpio.o
                0x0000000008001938                HAL_GPIO_TogglePin
 .text.HAL_GPIO_EXTI_Callback
                0x0000000008001944        0x4 ./Drivers/STM32L4xx_HAL_Driver/stm32l4xx_hal_gpio.o
                0x0000000008001944                HAL_GPIO_EXTI_Callback
 .text.HAL_GPIO_EXTI_IRQHandler
                0x0000000008001948       0x18 ./Drivers/STM32L4xx_HAL_Driver/stm32l4xx_hal_gpio.o
                0x0000000008001948                HAL_GPIO_EXTI_IRQHandler
 .text.HAL_PWR_EnableBkUpAccess
                0x0000000008001960       0x10 ./Drivers/STM32L4xx_HAL_Driver/stm32l4xx_hal_pwr.o
                0x0000000008001960                HAL_PWR_EnableBkUpAccess
 .text.HAL_PWREx_GetVoltageRange
                0x0000000008001970       0x10 ./Drivers/STM32L4xx_HAL_Driver/stm32l4xx_hal_pwr_ex.o
                0x0000000008001970                HAL_PWREx_GetVoltageRange
 .text.HAL_PWREx_ControlVoltageScaling
                0x0000000008001980       0x84 ./Drivers/STM32L4xx_HAL_Driver/stm32l4xx_hal_pwr_ex.o
                0x0000000008001980                HAL_PWREx_ControlVoltageScaling
 .text.RCC_SetFlashLatencyFromMSIRange
                0x0000000008001a04       0x8c ./Drivers/STM32L4xx_HAL_Driver/stm32l4xx_hal_rcc.o
 .text.HAL_RCC_GetSysClockFreq
                0x0000000008001a90       0xb4 ./Drivers/STM32L4xx_HAL_Driver/stm32l4xx_hal_rcc.o
                0x0000000008001a90                HAL_RCC_GetSysClockFreq
 .text.HAL_RCC_OscConfig
                0x0000000008001b44      0x598 ./Drivers/STM32L4xx_HAL_Driver/stm32l4xx_hal_rcc.o
                0x0000000008001b44                HAL_RCC_OscConfig
 .text.HAL_RCC_ClockConfig
                0x00000000080020dc      0x130 ./Drivers/STM32L4xx_HAL_Driver/stm32l4xx_hal_rcc.o
                0x00000000080020dc                HAL_RCC_ClockConfig
 .text.HAL_RCC_GetHCLKFreq
                0x000000000800220c        0xc ./Drivers/STM32L4xx_HAL_Driver/stm32l4xx_hal_rcc.o
                0x000000000800220c                HAL_RCC_GetHCLKFreq
 .text.HAL_RCC_GetPCLK1Freq
                0x0000000008002218       0x24 ./Drivers/STM32L4xx_HAL_Driver/stm32l4xx_hal_rcc.o
                0x0000000008002218                HAL_RCC_GetPCLK1Freq
 .text.HAL_RCC_GetPCLK2Freq
                0x000000000800223c       0x24 ./Drivers/STM32L4xx_HAL_Driver/stm32l4xx_hal_rcc.o
                0x000000000800223c                HAL_RCC_GetPCLK2Freq
 .text.RCCEx_PLLSAI1_Config
                0x0000000008002260      0x124 ./Drivers/STM32L4xx_HAL_Driver/stm32l4xx_hal_rcc_ex.o
 .text.RCCEx_PLLSAI2_Config
                0x0000000008002384      0x104 ./Drivers/STM32L4xx_HAL_Driver/stm32l4xx_hal_rcc_ex.o
 .text.HAL_RCCEx_PeriphCLKConfig
                0x0000000008002488      0x440 ./Drivers/STM32L4xx_HAL_Driver/stm32l4xx_hal_rcc_ex.o
                0x0000000008002488                HAL_RCCEx_PeriphCLKConfig
 .text.HAL_RCCEx_EnableMSIPLLMode
                0x00000000080028c8       0x10 ./Drivers/STM32L4xx_HAL_Driver/stm32l4xx_hal_rcc_ex.o
                0x00000000080028c8                HAL_RCCEx_EnableMSIPLLMode
 .text.SPI_EndRxTxTransaction
                0x00000000080028d8       0xcc ./Drivers/STM32L4xx_HAL_Driver/stm32l4xx_hal_spi.o
 .text.HAL_SPI_Init
                0x00000000080029a4       0xd8 ./Drivers/STM32L4xx_HAL_Driver/stm32l4xx_hal_spi.o
                0x00000000080029a4                HAL_SPI_Init
 .text.HAL_SPI_TransmitReceive
                0x0000000008002a7c      0x318 ./Drivers/STM32L4xx_HAL_Driver/stm32l4xx_hal_spi.o
                0x0000000008002a7c                HAL_SPI_TransmitReceive
 .text.HAL_UART_Transmit
                0x0000000008002d94      0x10c ./Drivers/STM32L4xx_HAL_Driver/stm32l4xx_hal_uart.o
                0x0000000008002d94                HAL_UART_Transmit
 .text.UART_SetConfig
                0x0000000008002ea0      0x35c ./Drivers/STM32L4xx_HAL_Driver/stm32l4xx_hal_uart.o
                0x0000000008002ea0                UART_SetConfig
 .text.UART_AdvFeatureConfig
                0x00000000080031fc       0xb0 ./Drivers/STM32L4xx_HAL_Driver/stm32l4xx_hal_uart.o
                0x00000000080031fc                UART_AdvFeatureConfig
 .text.UART_CheckIdleState
                0x00000000080032ac       0x78 ./Drivers/STM32L4xx_HAL_Driver/stm32l4xx_hal_uart.o
                0x00000000080032ac                UART_CheckIdleState
 .text.HAL_UART_Init
                0x0000000008003324       0x64 ./Drivers/STM32L4xx_HAL_Driver/stm32l4xx_hal_uart.o
                0x0000000008003324                HAL_UART_Init
 .text.Reset_Handler
                0x0000000008003388       0x50 ./Example/SW4STM32/startup_stm32l476xx.o
                0x0000000008003388                Reset_Handler
 .text.Default_Handler
                0x00000000080033d8        0x2 ./Example/SW4STM32/startup_stm32l476xx.o
                0x00000000080033d8                RTC_Alarm_IRQHandler
                0x00000000080033d8                EXTI2_IRQHandler
                0x00000000080033d8                TIM8_TRG_COM_IRQHandler
                0x00000000080033d8                TIM8_CC_IRQHandler
                0x00000000080033d8                DebugMon_Handler
                0x00000000080033d8                TIM1_CC_IRQHandler
                0x00000000080033d8                TSC_IRQHandler
                0x00000000080033d8                HardFault_Handler
                0x00000000080033d8                TAMP_STAMP_IRQHandler
                0x00000000080033d8                PendSV_Handler
                0x00000000080033d8                NMI_Handler
                0x00000000080033d8                EXTI3_IRQHandler
                0x00000000080033d8                LPTIM2_IRQHandler
                0x00000000080033d8                DFSDM1_FLT1_IRQHandler
                0x00000000080033d8                I2C3_ER_IRQHandler
                0x00000000080033d8                DFSDM1_FLT2_IRQHandler
                0x00000000080033d8                I2C2_EV_IRQHandler
                0x00000000080033d8                CAN1_RX0_IRQHandler
                0x00000000080033d8                FPU_IRQHandler
                0x00000000080033d8                TIM1_UP_TIM16_IRQHandler
                0x00000000080033d8                UsageFault_Handler
                0x00000000080033d8                ADC1_2_IRQHandler
                0x00000000080033d8                SPI1_IRQHandler
                0x00000000080033d8                TIM6_DAC_IRQHandler
                0x00000000080033d8                TIM8_UP_IRQHandler
                0x00000000080033d8                DMA2_Channel2_IRQHandler
                0x00000000080033d8                DMA1_Channel4_IRQHandler
                0x00000000080033d8                SAI2_IRQHandler
                0x00000000080033d8                DFSDM1_FLT3_IRQHandler
                0x00000000080033d8                USART3_IRQHandler
                0x00000000080033d8                DMA1_Channel7_IRQHandler
                0x00000000080033d8                CAN1_RX1_IRQHandler
                0x00000000080033d8                LCD_IRQHandler
                0x00000000080033d8                UART5_IRQHandler
                0x00000000080033d8                ADC3_IRQHandler
                0x00000000080033d8                TIM4_IRQHandler
                0x00000000080033d8                DMA2_Channel1_IRQHandler
                0x00000000080033d8                QUADSPI_IRQHandler
                0x00000000080033d8                I2C1_EV_IRQHandler
                0x00000000080033d8                DMA1_Channel6_IRQHandler
                0x00000000080033d8                UART4_IRQHandler
                0x00000000080033d8                DMA2_Channel4_IRQHandler
                0x00000000080033d8                TIM3_IRQHandler
                0x00000000080033d8                RCC_IRQHandler
                0x00000000080033d8                DMA1_Channel1_IRQHandler
                0x00000000080033d8                Default_Handler
                0x00000000080033d8                DMA2_Channel7_IRQHandler
                0x00000000080033d8                EXTI15_10_IRQHandler
                0x00000000080033d8                TIM7_IRQHandler
                0x00000000080033d8                SDMMC1_IRQHandler
                0x00000000080033d8                TIM5_IRQHandler
                0x00000000080033d8                I2C3_EV_IRQHandler
                0x00000000080033d8                EXTI9_5_IRQHandler
                0x00000000080033d8                RTC_WKUP_IRQHandler
                0x00000000080033d8                PVD_PVM_IRQHandler
                0x00000000080033d8                SPI2_IRQHandler
                0x00000000080033d8                MemManage_Handler
                0x00000000080033d8                CAN1_TX_IRQHandler
                0x00000000080033d8                SVC_Handler
                0x00000000080033d8                DMA2_Channel5_IRQHandler
                0x00000000080033d8                DMA1_Channel5_IRQHandler
                0x00000000080033d8                EXTI4_IRQHandler
                0x00000000080033d8                RNG_IRQHandler
                0x00000000080033d8                TIM1_TRG_COM_TIM17_IRQHandler
                0x00000000080033d8                DMA1_Channel3_IRQHandler
                0x00000000080033d8                COMP_IRQHandler
                0x00000000080033d8                WWDG_IRQHandler
                0x00000000080033d8                LPUART1_IRQHandler
                0x00000000080033d8                DMA2_Channel6_IRQHandler
                0x00000000080033d8                TIM2_IRQHandler
                0x00000000080033d8                EXTI1_IRQHandler
                0x00000000080033d8                USART2_IRQHandler
                0x00000000080033d8                DFSDM1_FLT0_IRQHandler
                0x00000000080033d8                I2C2_ER_IRQHandler
                0x00000000080033d8                DMA1_Channel2_IRQHandler
                0x00000000080033d8                TIM8_BRK_IRQHandler
                0x00000000080033d8                CAN1_SCE_IRQHandler
                0x00000000080033d8                FLASH_IRQHandler
                0x00000000080033d8                BusFault_Handler
                0x00000000080033d8                USART1_IRQHandler
                0x00000000080033d8                OTG_FS_IRQHandler
                0x00000000080033d8                SPI3_IRQHandler
                0x00000000080033d8                I2C1_ER_IRQHandler
                0x00000000080033d8                FMC_IRQHandler
                0x00000000080033d8                SWPMI1_IRQHandler
                0x00000000080033d8                LPTIM1_IRQHandler
                0x00000000080033d8                SAI1_IRQHandler
                0x00000000080033d8                DMA2_Channel3_IRQHandler
                0x00000000080033d8                TIM1_BRK_TIM15_IRQHandler
 *fill*         0x00000000080033da        0x2 
 .text._sbrk    0x00000000080033dc       0x38 ./Example/SW4STM32/syscalls.o
                0x00000000080033dc                _sbrk
 .text.demoNotif
                0x0000000008003414       0x4c ./Example/User/demo.o
 .text.demoP2P  0x0000000008003460       0xec ./Example/User/demo.o
 .text.demoAPDU
                0x000000000800354c      0x100 ./Example/User/demo.o
 .text.demoIni  0x000000000800364c       0x80 ./Example/User/demo.o
                0x000000000800364c                demoIni
 .text.demoCycle
                0x00000000080036cc      0x40c ./Example/User/demo.o
                0x00000000080036cc                demoCycle
 .text.logUsartInit
                0x0000000008003ad8        0xc ./Example/User/logger.o
                0x0000000008003ad8                logUsartInit
 .text.logUsart
                0x0000000008003ae4       0x44 ./Example/User/logger.o
                0x0000000008003ae4                logUsart
 .text.hex2Str  0x0000000008003b28       0xa0 ./Example/User/logger.o
                0x0000000008003b28                hex2Str
 .text.SystemClock_Config
                0x0000000008003bc8       0xc0 ./Example/User/main.o
                0x0000000008003bc8                SystemClock_Config
 .text.startup.main
                0x0000000008003c88      0x2c8 ./Example/User/main.o
                0x0000000008003c88                main
 .text.spiInit  0x0000000008003f50       0x14 ./Example/User/spi.o
                0x0000000008003f50                spiInit
 .text.spiTxRx  0x0000000008003f64       0x54 ./Example/User/spi.o
                0x0000000008003f64                spiTxRx
 .text.HAL_MspInit
                0x0000000008003fb8       0x90 ./Example/User/stm32l4xx_hal_msp.o
                0x0000000008003fb8                HAL_MspInit
 .text.HAL_SPI_MspInit
                0x0000000008004048       0x4c ./Example/User/stm32l4xx_hal_msp.o
                0x0000000008004048                HAL_SPI_MspInit
 .text.HAL_UART_MspInit
                0x0000000008004094       0x4c ./Example/User/stm32l4xx_hal_msp.o
                0x0000000008004094                HAL_UART_MspInit
 .text.SysTick_Handler
                0x00000000080040e0       0x10 ./Example/User/stm32l4xx_it.o
                0x00000000080040e0                SysTick_Handler
 .text.EXTI0_IRQHandler
                0x00000000080040f0       0x10 ./Example/User/stm32l4xx_it.o
                0x00000000080040f0                EXTI0_IRQHandler
 .text.rfalAnalogConfigInitialize
                0x0000000008004100       0x1c ./Middlewares/RFAL/rfal_analogConfig.o
                0x0000000008004100                rfalAnalogConfigInitialize
 .text.rfalSetAnalogConfig
                0x000000000800411c       0xe4 ./Middlewares/RFAL/rfal_analogConfig.o
                0x000000000800411c                rfalSetAnalogConfig
 .text.rfalCrcCalculateCcitt
                0x0000000008004200       0x2c ./Middlewares/RFAL/rfal_crc.o
                0x0000000008004200                rfalCrcCalculateCcitt
 .text.iso15693PhyVCDCode1Of4
                0x000000000800422c       0xcc ./Middlewares/RFAL/rfal_iso15693_2.o
 .text.iso15693PhyVCDCode1Of256
                0x00000000080042f8       0x54 ./Middlewares/RFAL/rfal_iso15693_2.o
 .text.iso15693PhyConfigure
                0x000000000800434c       0x30 ./Middlewares/RFAL/rfal_iso15693_2.o
                0x000000000800434c                iso15693PhyConfigure
 .text.iso15693VCDCode
                0x000000000800437c      0x270 ./Middlewares/RFAL/rfal_iso15693_2.o
                0x000000000800437c                iso15693VCDCode
 .text.iso15693VICCDecode
                0x00000000080045ec      0x1b4 ./Middlewares/RFAL/rfal_iso15693_2.o
                0x00000000080045ec                iso15693VICCDecode
 .text.rfalIsoDepCalcBitRate
                0x00000000080047a0      0x51c ./Middlewares/RFAL/rfal_isoDep.o
 .text.isoDepTx
                0x0000000008004cbc       0xd4 ./Middlewares/RFAL/rfal_isoDep.o
 .text.isoDepHandleControlMsg
                0x0000000008004d90      0x158 ./Middlewares/RFAL/rfal_isoDep.o
 .text.isoDepDataExchangePCD.part.0
                0x0000000008004ee8      0x258 ./Middlewares/RFAL/rfal_isoDep.o
 .text.rfalIsoDepInitialize
                0x0000000008005140       0x3c ./Middlewares/RFAL/rfal_isoDep.o
                0x0000000008005140                rfalIsoDepInitialize
 .text.rfalIsoDepDeselect
                0x000000000800517c      0x18c ./Middlewares/RFAL/rfal_isoDep.o
                0x000000000800517c                rfalIsoDepDeselect
 .text.rfalIsoDepStartTransceive
                0x0000000008005308       0x98 ./Middlewares/RFAL/rfal_isoDep.o
                0x0000000008005308                rfalIsoDepStartTransceive
 .text.rfalIsoDepGetTransceiveStatus
                0x00000000080053a0       0x70 ./Middlewares/RFAL/rfal_isoDep.o
                0x00000000080053a0                rfalIsoDepGetTransceiveStatus
 .text.rfalIsoDepATTRIB
                0x0000000008005410       0xb4 ./Middlewares/RFAL/rfal_isoDep.o
                0x0000000008005410                rfalIsoDepATTRIB
 .text.rfalIsoDepPollAHandleActivation
                0x00000000080054c4      0x2f8 ./Middlewares/RFAL/rfal_isoDep.o
                0x00000000080054c4                rfalIsoDepPollAHandleActivation
 .text.rfalIsoDepPollBHandleActivation
                0x00000000080057bc      0x1d0 ./Middlewares/RFAL/rfal_isoDep.o
                0x00000000080057bc                rfalIsoDepPollBHandleActivation
 .text.rfalNfcPollCollResolution
                0x000000000800598c      0x79c ./Middlewares/RFAL/rfal_nfc.o
 .text.rfalNfcInitialize
                0x0000000008006128       0x1c ./Middlewares/RFAL/rfal_nfc.o
                0x0000000008006128                rfalNfcInitialize
 .text.rfalNfcDiscover
                0x0000000008006144       0x88 ./Middlewares/RFAL/rfal_nfc.o
                0x0000000008006144                rfalNfcDiscover
 .text.rfalNfcDeactivate
                0x00000000080061cc       0x58 ./Middlewares/RFAL/rfal_nfc.o
                0x00000000080061cc                rfalNfcDeactivate
 .text.rfalNfcSelect
                0x0000000008006224       0x1c ./Middlewares/RFAL/rfal_nfc.o
                0x0000000008006224                rfalNfcSelect
 .text.rfalNfcGetState
                0x0000000008006240        0xc ./Middlewares/RFAL/rfal_nfc.o
                0x0000000008006240                rfalNfcGetState
 .text.rfalNfcGetDevicesFound
                0x000000000800624c       0x2c ./Middlewares/RFAL/rfal_nfc.o
                0x000000000800624c                rfalNfcGetDevicesFound
 .text.rfalNfcGetActiveDevice
                0x0000000008006278       0x2c ./Middlewares/RFAL/rfal_nfc.o
                0x0000000008006278                rfalNfcGetActiveDevice
 .text.rfalNfcDataExchangeStart
                0x00000000080062a4      0x190 ./Middlewares/RFAL/rfal_nfc.o
                0x00000000080062a4                rfalNfcDataExchangeStart
 .text.rfalNfcDataExchangeGetStatus
                0x0000000008006434       0x7c ./Middlewares/RFAL/rfal_nfc.o
                0x0000000008006434                rfalNfcDataExchangeGetStatus
 .text.rfalNfcWorker
                0x00000000080064b0      0x68c ./Middlewares/RFAL/rfal_nfc.o
                0x00000000080064b0                rfalNfcWorker
 .text.nfcipTx  0x0000000008006b3c      0x1bc ./Middlewares/RFAL/rfal_nfcDep.o
 .text.nfcipDEPControlMsg
                0x0000000008006cf8       0xf0 ./Middlewares/RFAL/rfal_nfcDep.o
 .text.rfalNfcDepInitialize
                0x0000000008006de8       0x44 ./Middlewares/RFAL/rfal_nfcDep.o
                0x0000000008006de8                rfalNfcDepInitialize
 .text.rfalNfcDepATR
                0x0000000008006e2c      0x1ac ./Middlewares/RFAL/rfal_nfcDep.o
                0x0000000008006e2c                rfalNfcDepATR
 .text.rfalNfcDepPSL
                0x0000000008006fd8       0xd8 ./Middlewares/RFAL/rfal_nfcDep.o
                0x0000000008006fd8                rfalNfcDepPSL
 .text.rfalNfcDepRLS
                0x00000000080070b0       0xe4 ./Middlewares/RFAL/rfal_nfcDep.o
                0x00000000080070b0                rfalNfcDepRLS
 .text.rfalNfcDepInitiatorHandleActivation
                0x0000000008007194      0x124 ./Middlewares/RFAL/rfal_nfcDep.o
                0x0000000008007194                rfalNfcDepInitiatorHandleActivation
 .text.rfalNfcDepStartTransceive
                0x00000000080072b8       0x8c ./Middlewares/RFAL/rfal_nfcDep.o
                0x00000000080072b8                rfalNfcDepStartTransceive
 .text.rfalNfcDepGetTransceiveStatus
                0x0000000008007344      0xa10 ./Middlewares/RFAL/rfal_nfcDep.o
                0x0000000008007344                rfalNfcDepGetTransceiveStatus
 .text.rfalNfcaPollerInitialize
                0x0000000008007d54       0x34 ./Middlewares/RFAL/rfal_nfca.o
                0x0000000008007d54                rfalNfcaPollerInitialize
 .text.rfalNfcaPollerCheckPresence
                0x0000000008007d88       0x30 ./Middlewares/RFAL/rfal_nfca.o
                0x0000000008007d88                rfalNfcaPollerCheckPresence
 .text.rfalNfcaPollerTechnologyDetection
                0x0000000008007db8       0x60 ./Middlewares/RFAL/rfal_nfca.o
                0x0000000008007db8                rfalNfcaPollerTechnologyDetection
 .text.rfalNfcaPollerSingleCollisionResolution
                0x0000000008007e18      0x3a0 ./Middlewares/RFAL/rfal_nfca.o
                0x0000000008007e18                rfalNfcaPollerSingleCollisionResolution
 .text.rfalNfcaPollerFullCollisionResolution
                0x00000000080081b8      0x1e8 ./Middlewares/RFAL/rfal_nfca.o
                0x00000000080081b8                rfalNfcaPollerFullCollisionResolution
 .text.rfalNfcaPollerSelect
                0x00000000080083a0       0xbc ./Middlewares/RFAL/rfal_nfca.o
                0x00000000080083a0                rfalNfcaPollerSelect
 .text.rfalNfcbPollerCheckPresence.part.0
                0x000000000800845c       0x84 ./Middlewares/RFAL/rfal_nfcb.o
 .text.rfalNfcbPollerSlottedCollisionResolution.part.0
                0x00000000080084e0      0x2ec ./Middlewares/RFAL/rfal_nfcb.o
 .text.rfalNfcbPollerInitialize
                0x00000000080087cc       0x3c ./Middlewares/RFAL/rfal_nfcb.o
                0x00000000080087cc                rfalNfcbPollerInitialize
 .text.rfalNfcbPollerCheckPresence
                0x0000000008008808       0x90 ./Middlewares/RFAL/rfal_nfcb.o
                0x0000000008008808                rfalNfcbPollerCheckPresence
 .text.rfalNfcbPollerTechnologyDetection
                0x0000000008008898       0x90 ./Middlewares/RFAL/rfal_nfcb.o
                0x0000000008008898                rfalNfcbPollerTechnologyDetection
 .text.rfalNfcbPollerCollisionResolution
                0x0000000008008928       0x24 ./Middlewares/RFAL/rfal_nfcb.o
                0x0000000008008928                rfalNfcbPollerCollisionResolution
 .text.rfalNfcbTR2ToFDT
                0x000000000800894c       0x24 ./Middlewares/RFAL/rfal_nfcb.o
                0x000000000800894c                rfalNfcbTR2ToFDT
 .text.rfalNfcfComputeValidSENF
                0x0000000008008970      0x138 ./Middlewares/RFAL/rfal_nfcf.o
 .text.rfalNfcfPollerInitialize
                0x0000000008008aa8       0x44 ./Middlewares/RFAL/rfal_nfcf.o
                0x0000000008008aa8                rfalNfcfPollerInitialize
 .text.rfalNfcfPollerCheckPresence
                0x0000000008008aec       0x2c ./Middlewares/RFAL/rfal_nfcf.o
                0x0000000008008aec                rfalNfcfPollerCheckPresence
 .text.rfalNfcfPollerCollisionResolution
                0x0000000008008b18       0xe4 ./Middlewares/RFAL/rfal_nfcf.o
                0x0000000008008b18                rfalNfcfPollerCollisionResolution
 .text.rfalNfcfPollerCheck
                0x0000000008008bfc      0x724 ./Middlewares/RFAL/rfal_nfcf.o
                0x0000000008008bfc                rfalNfcfPollerCheck
 .text.rfalNfcvPollerInitialize
                0x0000000008009320       0x34 ./Middlewares/RFAL/rfal_nfcv.o
                0x0000000008009320                rfalNfcvPollerInitialize
 .text.rfalNfcvPollerCheckPresence
                0x0000000008009354       0x50 ./Middlewares/RFAL/rfal_nfcv.o
                0x0000000008009354                rfalNfcvPollerCheckPresence
 .text.rfalNfcvPollerCollisionResolution
                0x00000000080093a4      0x224 ./Middlewares/RFAL/rfal_nfcv.o
                0x00000000080093a4                rfalNfcvPollerCollisionResolution
 .text.rfalNfcvPollerReadSingleBlock
                0x00000000080095c8       0xa4 ./Middlewares/RFAL/rfal_nfcv.o
                0x00000000080095c8                rfalNfcvPollerReadSingleBlock
 .text.rfalPrepareTransceive
                0x000000000800966c       0xe4 ./Middlewares/RFAL/rfal_rfst25r3911.o
 .text.rfalSetBitRate.part.0
                0x0000000008009750      0x21c ./Middlewares/RFAL/rfal_rfst25r3911.o
 .text.rfalStartTransceive.part.0
                0x000000000800996c      0x158 ./Middlewares/RFAL/rfal_rfst25r3911.o
 .text.rfalTransceiveTx
                0x0000000008009ac4      0x314 ./Middlewares/RFAL/rfal_rfst25r3911.o
 .text.rfalErrorHandling
                0x0000000008009dd8      0x11c ./Middlewares/RFAL/rfal_rfst25r3911.o
 .text.rfalTransceiveRx
                0x0000000008009ef4      0x544 ./Middlewares/RFAL/rfal_rfst25r3911.o
 .text.rfalISO15693TransceiveAnticollisionFrame.part.0
                0x000000000800a438      0x190 ./Middlewares/RFAL/rfal_rfst25r3911.o
 .text.rfalInitialize
                0x000000000800a5c8       0xc0 ./Middlewares/RFAL/rfal_rfst25r3911.o
                0x000000000800a5c8                rfalInitialize
 .text.rfalSetMode
                0x000000000800a688      0x1b0 ./Middlewares/RFAL/rfal_rfst25r3911.o
                0x000000000800a688                rfalSetMode
 .text.rfalSetBitRate
                0x000000000800a838       0x3c ./Middlewares/RFAL/rfal_rfst25r3911.o
                0x000000000800a838                rfalSetBitRate
 .text.rfalGetBitRate
                0x000000000800a874       0x24 ./Middlewares/RFAL/rfal_rfst25r3911.o
                0x000000000800a874                rfalGetBitRate
 .text.rfalSetErrorHandling
                0x000000000800a898        0xc ./Middlewares/RFAL/rfal_rfst25r3911.o
                0x000000000800a898                rfalSetErrorHandling
 .text.rfalSetFDTPoll
                0x000000000800a8a4       0x18 ./Middlewares/RFAL/rfal_rfst25r3911.o
                0x000000000800a8a4                rfalSetFDTPoll
 .text.rfalSetFDTListen
                0x000000000800a8bc       0x14 ./Middlewares/RFAL/rfal_rfst25r3911.o
                0x000000000800a8bc                rfalSetFDTListen
 .text.rfalSetGT
                0x000000000800a8d0       0x18 ./Middlewares/RFAL/rfal_rfst25r3911.o
                0x000000000800a8d0                rfalSetGT
 .text.rfalFieldOnAndStartGT
                0x000000000800a8e8       0x88 ./Middlewares/RFAL/rfal_rfst25r3911.o
                0x000000000800a8e8                rfalFieldOnAndStartGT
 .text.rfalFieldOff
                0x000000000800a970       0x38 ./Middlewares/RFAL/rfal_rfst25r3911.o
                0x000000000800a970                rfalFieldOff
 .text.rfalStartTransceive
                0x000000000800a9a8       0x3c ./Middlewares/RFAL/rfal_rfst25r3911.o
                0x000000000800a9a8                rfalStartTransceive
 .text.rfalTransceiveBlockingTx
                0x000000000800a9e4       0xd4 ./Middlewares/RFAL/rfal_rfst25r3911.o
                0x000000000800a9e4                rfalTransceiveBlockingTx
 .text.rfalTransceiveBlockingRx
                0x000000000800aab8       0x7c ./Middlewares/RFAL/rfal_rfst25r3911.o
                0x000000000800aab8                rfalTransceiveBlockingRx
 .text.rfalTransceiveBlockingTxRx
                0x000000000800ab34      0x154 ./Middlewares/RFAL/rfal_rfst25r3911.o
                0x000000000800ab34                rfalTransceiveBlockingTxRx
 .text.rfalGetTransceiveStatus
                0x000000000800ac88       0x14 ./Middlewares/RFAL/rfal_rfst25r3911.o
                0x000000000800ac88                rfalGetTransceiveStatus
 .text.rfalWorker
                0x000000000800ac9c       0x68 ./Middlewares/RFAL/rfal_rfst25r3911.o
                0x000000000800ac9c                rfalWorker
 .text.rfalISO14443ATransceiveShortFrame
                0x000000000800ad04      0x190 ./Middlewares/RFAL/rfal_rfst25r3911.o
                0x000000000800ad04                rfalISO14443ATransceiveShortFrame
 .text.rfalISO14443ATransceiveAnticollisionFrame
                0x000000000800ae94      0x1f8 ./Middlewares/RFAL/rfal_rfst25r3911.o
                0x000000000800ae94                rfalISO14443ATransceiveAnticollisionFrame
 .text.rfalISO15693TransceiveAnticollisionFrame
                0x000000000800b08c       0x24 ./Middlewares/RFAL/rfal_rfst25r3911.o
                0x000000000800b08c                rfalISO15693TransceiveAnticollisionFrame
 .text.rfalISO15693TransceiveEOFAnticollision
                0x000000000800b0b0       0x34 ./Middlewares/RFAL/rfal_rfst25r3911.o
                0x000000000800b0b0                rfalISO15693TransceiveEOFAnticollision
 .text.rfalFeliCaPoll
                0x000000000800b0e4      0x264 ./Middlewares/RFAL/rfal_rfst25r3911.o
                0x000000000800b0e4                rfalFeliCaPoll
 .text.rfalWakeUpModeStart
                0x000000000800b348      0x268 ./Middlewares/RFAL/rfal_rfst25r3911.o
                0x000000000800b348                rfalWakeUpModeStart
 .text.rfalWakeUpModeHasWoke
                0x000000000800b5b0       0x14 ./Middlewares/RFAL/rfal_rfst25r3911.o
                0x000000000800b5b0                rfalWakeUpModeHasWoke
 .text.rfalWakeUpModeStop
                0x000000000800b5c4       0x40 ./Middlewares/RFAL/rfal_rfst25r3911.o
                0x000000000800b5c4                rfalWakeUpModeStop
 .text.rfalChipChangeRegBits
                0x000000000800b604        0xc ./Middlewares/RFAL/rfal_rfst25r3911.o
                0x000000000800b604                rfalChipChangeRegBits
 .text.rfalChipChangeTestRegBits
                0x000000000800b610        0xc ./Middlewares/RFAL/rfal_rfst25r3911.o
                0x000000000800b610                rfalChipChangeTestRegBits
 .text.rfalSt25tbPollerInitialize
                0x000000000800b61c        0x4 ./Middlewares/RFAL/rfal_st25tb.o
                0x000000000800b61c                rfalSt25tbPollerInitialize
 .text.rfalSt25tbPollerCheckPresence
                0x000000000800b620       0x58 ./Middlewares/RFAL/rfal_st25tb.o
                0x000000000800b620                rfalSt25tbPollerCheckPresence
 .text.rfalSt25tbPollerCollisionResolution
                0x000000000800b678      0x270 ./Middlewares/RFAL/rfal_st25tb.o
                0x000000000800b678                rfalSt25tbPollerCollisionResolution
 .text.rfalT1TPollerInitialize
                0x000000000800b8e8       0x30 ./Middlewares/RFAL/rfal_t1t.o
                0x000000000800b8e8                rfalT1TPollerInitialize
 .text.rfalT1TPollerRid
                0x000000000800b918       0x54 ./Middlewares/RFAL/rfal_t1t.o
                0x000000000800b918                rfalT1TPollerRid
 .text.__errno  0x000000000800b96c        0xc c:/st/stm32cubeide_1.11.2/stm32cubeide/plugins/com.st.stm32cube.ide.mcu.externaltools.gnu-tools-for-stm32.10.3-2021.10.win32_1.0.100.202210260954/tools/bin/../lib/gcc/arm-none-eabi/10.3.1/../../../../arm-none-eabi/lib/thumb/v7e-m+fp/hard\libc_nano.a(lib_a-errno.o)
                0x000000000800b96c                __errno
 .text.__libc_init_array
                0x000000000800b978       0x48 c:/st/stm32cubeide_1.11.2/stm32cubeide/plugins/com.st.stm32cube.ide.mcu.externaltools.gnu-tools-for-stm32.10.3-2021.10.win32_1.0.100.202210260954/tools/bin/../lib/gcc/arm-none-eabi/10.3.1/../../../../arm-none-eabi/lib/thumb/v7e-m+fp/hard\libc_nano.a(lib_a-init.o)
                0x000000000800b978                __libc_init_array
 .text.memcmp   0x000000000800b9c0       0x20 c:/st/stm32cubeide_1.11.2/stm32cubeide/plugins/com.st.stm32cube.ide.mcu.externaltools.gnu-tools-for-stm32.10.3-2021.10.win32_1.0.100.202210260954/tools/bin/../lib/gcc/arm-none-eabi/10.3.1/../../../../arm-none-eabi/lib/thumb/v7e-m+fp/hard\libc_nano.a(lib_a-memcmp.o)
                0x000000000800b9c0                memcmp
 .text.memcpy   0x000000000800b9e0       0x1c c:/st/stm32cubeide_1.11.2/stm32cubeide/plugins/com.st.stm32cube.ide.mcu.externaltools.gnu-tools-for-stm32.10.3-2021.10.win32_1.0.100.202210260954/tools/bin/../lib/gcc/arm-none-eabi/10.3.1/../../../../arm-none-eabi/lib/thumb/v7e-m+fp/hard\libc_nano.a(lib_a-memcpy-stub.o)
                0x000000000800b9e0                memcpy
 .text.memmove  0x000000000800b9fc       0x34 c:/st/stm32cubeide_1.11.2/stm32cubeide/plugins/com.st.stm32cube.ide.mcu.externaltools.gnu-tools-for-stm32.10.3-2021.10.win32_1.0.100.202210260954/tools/bin/../lib/gcc/arm-none-eabi/10.3.1/../../../../arm-none-eabi/lib/thumb/v7e-m+fp/hard\libc_nano.a(lib_a-memmove.o)
                0x000000000800b9fc                memmove
 .text.memset   0x000000000800ba30       0x10 c:/st/stm32cubeide_1.11.2/stm32cubeide/plugins/com.st.stm32cube.ide.mcu.externaltools.gnu-tools-for-stm32.10.3-2021.10.win32_1.0.100.202210260954/tools/bin/../lib/gcc/arm-none-eabi/10.3.1/../../../../arm-none-eabi/lib/thumb/v7e-m+fp/hard\libc_nano.a(lib_a-memset.o)
                0x000000000800ba30                memset
 .text._vsnprintf_r
                0x000000000800ba40       0x56 c:/st/stm32cubeide_1.11.2/stm32cubeide/plugins/com.st.stm32cube.ide.mcu.externaltools.gnu-tools-for-stm32.10.3-2021.10.win32_1.0.100.202210260954/tools/bin/../lib/gcc/arm-none-eabi/10.3.1/../../../../arm-none-eabi/lib/thumb/v7e-m+fp/hard\libc_nano.a(lib_a-vsnprintf.o)
                0x000000000800ba40                _vsniprintf_r
                0x000000000800ba40                _vsnprintf_r
 *fill*         0x000000000800ba96        0x2 
 .text.vsnprintf
                0x000000000800ba98       0x1c c:/st/stm32cubeide_1.11.2/stm32cubeide/plugins/com.st.stm32cube.ide.mcu.externaltools.gnu-tools-for-stm32.10.3-2021.10.win32_1.0.100.202210260954/tools/bin/../lib/gcc/arm-none-eabi/10.3.1/../../../../arm-none-eabi/lib/thumb/v7e-m+fp/hard\libc_nano.a(lib_a-vsnprintf.o)
                0x000000000800ba98                vsniprintf
                0x000000000800ba98                vsnprintf
 .text.__ssputs_r
                0x000000000800bab4       0xb6 c:/st/stm32cubeide_1.11.2/stm32cubeide/plugins/com.st.stm32cube.ide.mcu.externaltools.gnu-tools-for-stm32.10.3-2021.10.win32_1.0.100.202210260954/tools/bin/../lib/gcc/arm-none-eabi/10.3.1/../../../../arm-none-eabi/lib/thumb/v7e-m+fp/hard\libc_nano.a(lib_a-nano-svfprintf.o)
                0x000000000800bab4                __ssputs_r
 *fill*         0x000000000800bb6a        0x2 
 .text._svfprintf_r
                0x000000000800bb6c      0x200 c:/st/stm32cubeide_1.11.2/stm32cubeide/plugins/com.st.stm32cube.ide.mcu.externaltools.gnu-tools-for-stm32.10.3-2021.10.win32_1.0.100.202210260954/tools/bin/../lib/gcc/arm-none-eabi/10.3.1/../../../../arm-none-eabi/lib/thumb/v7e-m+fp/hard\libc_nano.a(lib_a-nano-svfprintf.o)
                0x000000000800bb6c                _svfiprintf_r
                0x000000000800bb6c                _svfprintf_r
 .text._printf_common
                0x000000000800bd6c       0xda c:/st/stm32cubeide_1.11.2/stm32cubeide/plugins/com.st.stm32cube.ide.mcu.externaltools.gnu-tools-for-stm32.10.3-2021.10.win32_1.0.100.202210260954/tools/bin/../lib/gcc/arm-none-eabi/10.3.1/../../../../arm-none-eabi/lib/thumb/v7e-m+fp/hard\libc_nano.a(lib_a-nano-vfprintf_i.o)
                0x000000000800bd6c                _printf_common
 *fill*         0x000000000800be46        0x2 
 .text._printf_i
                0x000000000800be48      0x24c c:/st/stm32cubeide_1.11.2/stm32cubeide/plugins/com.st.stm32cube.ide.mcu.externaltools.gnu-tools-for-stm32.10.3-2021.10.win32_1.0.100.202210260954/tools/bin/../lib/gcc/arm-none-eabi/10.3.1/../../../../arm-none-eabi/lib/thumb/v7e-m+fp/hard\libc_nano.a(lib_a-nano-vfprintf_i.o)
                0x000000000800be48                _printf_i
 .text._free_r  0x000000000800c094       0x98 c:/st/stm32cubeide_1.11.2/stm32cubeide/plugins/com.st.stm32cube.ide.mcu.externaltools.gnu-tools-for-stm32.10.3-2021.10.win32_1.0.100.202210260954/tools/bin/../lib/gcc/arm-none-eabi/10.3.1/../../../../arm-none-eabi/lib/thumb/v7e-m+fp/hard\libc_nano.a(lib_a-nano-freer.o)
                0x000000000800c094                _free_r
 .text.sbrk_aligned
                0x000000000800c12c       0x40 c:/st/stm32cubeide_1.11.2/stm32cubeide/plugins/com.st.stm32cube.ide.mcu.externaltools.gnu-tools-for-stm32.10.3-2021.10.win32_1.0.100.202210260954/tools/bin/../lib/gcc/arm-none-eabi/10.3.1/../../../../arm-none-eabi/lib/thumb/v7e-m+fp/hard\libc_nano.a(lib_a-nano-mallocr.o)
 .text._malloc_r
                0x000000000800c16c       0xe8 c:/st/stm32cubeide_1.11.2/stm32cubeide/plugins/com.st.stm32cube.ide.mcu.externaltools.gnu-tools-for-stm32.10.3-2021.10.win32_1.0.100.202210260954/tools/bin/../lib/gcc/arm-none-eabi/10.3.1/../../../../arm-none-eabi/lib/thumb/v7e-m+fp/hard\libc_nano.a(lib_a-nano-mallocr.o)
                0x000000000800c16c                _malloc_r
 .text._realloc_r
                0x000000000800c254       0x5e c:/st/stm32cubeide_1.11.2/stm32cubeide/plugins/com.st.stm32cube.ide.mcu.externaltools.gnu-tools-for-stm32.10.3-2021.10.win32_1.0.100.202210260954/tools/bin/../lib/gcc/arm-none-eabi/10.3.1/../../../../arm-none-eabi/lib/thumb/v7e-m+fp/hard\libc_nano.a(lib_a-nano-reallocr.o)
                0x000000000800c254                _realloc_r
 *fill*         0x000000000800c2b2        0x2 
 .text._sbrk_r  0x000000000800c2b4       0x20 c:/st/stm32cubeide_1.11.2/stm32cubeide/plugins/com.st.stm32cube.ide.mcu.externaltools.gnu-tools-for-stm32.10.3-2021.10.win32_1.0.100.202210260954/tools/bin/../lib/gcc/arm-none-eabi/10.3.1/../../../../arm-none-eabi/lib/thumb/v7e-m+fp/hard\libc_nano.a(lib_a-sbrkr.o)
                0x000000000800c2b4                _sbrk_r
 .text.__malloc_lock
                0x000000000800c2d4        0xc c:/st/stm32cubeide_1.11.2/stm32cubeide/plugins/com.st.stm32cube.ide.mcu.externaltools.gnu-tools-for-stm32.10.3-2021.10.win32_1.0.100.202210260954/tools/bin/../lib/gcc/arm-none-eabi/10.3.1/../../../../arm-none-eabi/lib/thumb/v7e-m+fp/hard\libc_nano.a(lib_a-mlock.o)
                0x000000000800c2d4                __malloc_lock
 .text.__malloc_unlock
                0x000000000800c2e0        0xc c:/st/stm32cubeide_1.11.2/stm32cubeide/plugins/com.st.stm32cube.ide.mcu.externaltools.gnu-tools-for-stm32.10.3-2021.10.win32_1.0.100.202210260954/tools/bin/../lib/gcc/arm-none-eabi/10.3.1/../../../../arm-none-eabi/lib/thumb/v7e-m+fp/hard\libc_nano.a(lib_a-mlock.o)
                0x000000000800c2e0                __malloc_unlock
 .text._malloc_usable_size_r
                0x000000000800c2ec       0x10 c:/st/stm32cubeide_1.11.2/stm32cubeide/plugins/com.st.stm32cube.ide.mcu.externaltools.gnu-tools-for-stm32.10.3-2021.10.win32_1.0.100.202210260954/tools/bin/../lib/gcc/arm-none-eabi/10.3.1/../../../../arm-none-eabi/lib/thumb/v7e-m+fp/hard\libc_nano.a(lib_a-nano-msizer.o)
                0x000000000800c2ec                _malloc_usable_size_r
 .text.__retarget_lock_acquire_recursive
                0x000000000800c2fc        0x2 c:/st/stm32cubeide_1.11.2/stm32cubeide/plugins/com.st.stm32cube.ide.mcu.externaltools.gnu-tools-for-stm32.10.3-2021.10.win32_1.0.100.202210260954/tools/bin/../lib/gcc/arm-none-eabi/10.3.1/../../../../arm-none-eabi/lib/thumb/v7e-m+fp/hard\libc_nano.a(lib_a-lock.o)
                0x000000000800c2fc                __retarget_lock_acquire_recursive
 .text.__retarget_lock_release_recursive
                0x000000000800c2fe        0x2 c:/st/stm32cubeide_1.11.2/stm32cubeide/plugins/com.st.stm32cube.ide.mcu.externaltools.gnu-tools-for-stm32.10.3-2021.10.win32_1.0.100.202210260954/tools/bin/../lib/gcc/arm-none-eabi/10.3.1/../../../../arm-none-eabi/lib/thumb/v7e-m+fp/hard\libc_nano.a(lib_a-lock.o)
                0x000000000800c2fe                __retarget_lock_release_recursive
 *(.glue_7)
 .glue_7        0x000000000800c300        0x0 linker stubs
 *(.glue_7t)
 .glue_7t       0x000000000800c300        0x0 linker stubs
 *(.eh_frame)
 .eh_frame      0x000000000800c300        0x0 c:/st/stm32cubeide_1.11.2/stm32cubeide/plugins/com.st.stm32cube.ide.mcu.externaltools.gnu-tools-for-stm32.10.3-2021.10.win32_1.0.100.202210260954/tools/bin/../lib/gcc/arm-none-eabi/10.3.1/thumb/v7e-m+fp/hard/crtbegin.o
 *(.init)
 .init          0x000000000800c300        0x4 c:/st/stm32cubeide_1.11.2/stm32cubeide/plugins/com.st.stm32cube.ide.mcu.externaltools.gnu-tools-for-stm32.10.3-2021.10.win32_1.0.100.202210260954/tools/bin/../lib/gcc/arm-none-eabi/10.3.1/thumb/v7e-m+fp/hard/crti.o
                0x000000000800c300                _init
 .init          0x000000000800c304        0x8 c:/st/stm32cubeide_1.11.2/stm32cubeide/plugins/com.st.stm32cube.ide.mcu.externaltools.gnu-tools-for-stm32.10.3-2021.10.win32_1.0.100.202210260954/tools/bin/../lib/gcc/arm-none-eabi/10.3.1/thumb/v7e-m+fp/hard/crtn.o
 *(.fini)
 .fini          0x000000000800c30c        0x4 c:/st/stm32cubeide_1.11.2/stm32cubeide/plugins/com.st.stm32cube.ide.mcu.externaltools.gnu-tools-for-stm32.10.3-2021.10.win32_1.0.100.202210260954/tools/bin/../lib/gcc/arm-none-eabi/10.3.1/thumb/v7e-m+fp/hard/crti.o
                0x000000000800c30c                _fini
 .fini          0x000000000800c310        0x8 c:/st/stm32cubeide_1.11.2/stm32cubeide/plugins/com.st.stm32cube.ide.mcu.externaltools.gnu-tools-for-stm32.10.3-2021.10.win32_1.0.100.202210260954/tools/bin/../lib/gcc/arm-none-eabi/10.3.1/thumb/v7e-m+fp/hard/crtn.o
                0x000000000800c318                . = ALIGN (0x8)
                0x000000000800c318                _etext = .

.vfp11_veneer   0x000000000800c318        0x0
 .vfp11_veneer  0x000000000800c318        0x0 linker stubs

.v4_bx          0x000000000800c318        0x0
 .v4_bx         0x000000000800c318        0x0 linker stubs

.iplt           0x000000000800c318        0x0
 .iplt          0x000000000800c318        0x0 c:/st/stm32cubeide_1.11.2/stm32cubeide/plugins/com.st.stm32cube.ide.mcu.externaltools.gnu-tools-for-stm32.10.3-2021.10.win32_1.0.100.202210260954/tools/bin/../lib/gcc/arm-none-eabi/10.3.1/thumb/v7e-m+fp/hard/crtbegin.o

.rodata         0x000000000800c318      0x730
                0x000000000800c318                . = ALIGN (0x8)
 *(.rodata)
 .rodata        0x000000000800c318       0x48 ./Drivers/CMSIS/system_stm32l4xx.o
                0x000000000800c318                MSIRangeTable
                0x000000000800c348                AHBPrescTable
                0x000000000800c358                APBPrescTable
 .rodata        0x000000000800c360       0x11 ./Drivers/STM32L4xx_HAL_Driver/stm32l4xx_hal_uart.o
 *fill*         0x000000000800c371        0x3 
 .rodata        0x000000000800c374       0x14 ./Example/User/demo.o
 .rodata        0x000000000800c388      0x1a2 ./Middlewares/RFAL/rfal_analogConfig.o
                0x000000000800c388                rfalAnalogConfigDefaultSettings
 *fill*         0x000000000800c52a        0x2 
 .rodata        0x000000000800c52c       0x18 ./Middlewares/RFAL/rfal_isoDep.o
 .rodata        0x000000000800c544       0x26 ./Middlewares/RFAL/rfal_nfcv.o
 *(.rodata*)
 *fill*         0x000000000800c56a        0x2 
 .rodata.str1.4
                0x000000000800c56c      0x437 ./Example/User/demo.o
                                        0x43b (size before relaxing)
 *fill*         0x000000000800c9a3        0x1 
 .rodata.str1.4
                0x000000000800c9a4       0x11 ./Example/User/logger.o
 *fill*         0x000000000800c9b5        0x3 
 .rodata.str1.4
                0x000000000800c9b8       0x59 ./Example/User/main.o
 .rodata._svfprintf_r.str1.1
                0x000000000800ca11       0x11 c:/st/stm32cubeide_1.11.2/stm32cubeide/plugins/com.st.stm32cube.ide.mcu.externaltools.gnu-tools-for-stm32.10.3-2021.10.win32_1.0.100.202210260954/tools/bin/../lib/gcc/arm-none-eabi/10.3.1/../../../../arm-none-eabi/lib/thumb/v7e-m+fp/hard\libc_nano.a(lib_a-nano-svfprintf.o)
 .rodata._printf_i.str1.1
                0x000000000800ca22       0x22 c:/st/stm32cubeide_1.11.2/stm32cubeide/plugins/com.st.stm32cube.ide.mcu.externaltools.gnu-tools-for-stm32.10.3-2021.10.win32_1.0.100.202210260954/tools/bin/../lib/gcc/arm-none-eabi/10.3.1/../../../../arm-none-eabi/lib/thumb/v7e-m+fp/hard\libc_nano.a(lib_a-nano-vfprintf_i.o)
                0x000000000800ca48                . = ALIGN (0x8)
 *fill*         0x000000000800ca44        0x4 

.ARM.extab      0x000000000800ca48        0x0
                0x000000000800ca48                . = ALIGN (0x8)
 *(.ARM.extab* .gnu.linkonce.armextab.*)
                0x000000000800ca48                . = ALIGN (0x8)

.ARM            0x000000000800ca48        0x8
                0x000000000800ca48                . = ALIGN (0x8)
                0x000000000800ca48                __exidx_start = .
 *(.ARM.exidx*)
 .ARM.exidx     0x000000000800ca48        0x8 c:/st/stm32cubeide_1.11.2/stm32cubeide/plugins/com.st.stm32cube.ide.mcu.externaltools.gnu-tools-for-stm32.10.3-2021.10.win32_1.0.100.202210260954/tools/bin/../lib/gcc/arm-none-eabi/10.3.1/thumb/v7e-m+fp/hard\libgcc.a(_udivmoddi4.o)
                0x000000000800ca50                __exidx_end = .
                0x000000000800ca50                . = ALIGN (0x8)

.rel.dyn        0x000000000800ca50        0x0
 .rel.iplt      0x000000000800ca50        0x0 c:/st/stm32cubeide_1.11.2/stm32cubeide/plugins/com.st.stm32cube.ide.mcu.externaltools.gnu-tools-for-stm32.10.3-2021.10.win32_1.0.100.202210260954/tools/bin/../lib/gcc/arm-none-eabi/10.3.1/thumb/v7e-m+fp/hard/crtbegin.o

.preinit_array  0x000000000800ca50        0x0
                0x000000000800ca50                . = ALIGN (0x8)
                0x000000000800ca50                PROVIDE (__preinit_array_start = .)
 *(.preinit_array*)
                0x000000000800ca50                PROVIDE (__preinit_array_end = .)
                0x000000000800ca50                . = ALIGN (0x8)

.init_array     0x000000000800ca50        0x8
                0x000000000800ca50                . = ALIGN (0x8)
                0x000000000800ca50                PROVIDE (__init_array_start = .)
 *(SORT_BY_NAME(.init_array.*))
 *(.init_array*)
 .init_array    0x000000000800ca50        0x4 c:/st/stm32cubeide_1.11.2/stm32cubeide/plugins/com.st.stm32cube.ide.mcu.externaltools.gnu-tools-for-stm32.10.3-2021.10.win32_1.0.100.202210260954/tools/bin/../lib/gcc/arm-none-eabi/10.3.1/thumb/v7e-m+fp/hard/crtbegin.o
                0x000000000800ca54                PROVIDE (__init_array_end = .)
                0x000000000800ca58                . = ALIGN (0x8)
 *fill*         0x000000000800ca54        0x4 

.fini_array     0x000000000800ca58        0x8
                0x000000000800ca58                . = ALIGN (0x8)
                [!provide]                        PROVIDE (__fini_array_start = .)
 *(SORT_BY_NAME(.fini_array.*))
 *(.fini_array*)
 .fini_array    0x000000000800ca58        0x4 c:/st/stm32cubeide_1.11.2/stm32cubeide/plugins/com.st.stm32cube.ide.mcu.externaltools.gnu-tools-for-stm32.10.3-2021.10.win32_1.0.100.202210260954/tools/bin/../lib/gcc/arm-none-eabi/10.3.1/thumb/v7e-m+fp/hard/crtbegin.o
                [!provide]                        PROVIDE (__fini_array_end = .)
                0x000000000800ca60                . = ALIGN (0x8)
 *fill*         0x000000000800ca5c        0x4 
                0x000000000800ca60                _sidata = LOADADDR (.data)

.data           0x0000000020000000       0xd8 load address 0x000000000800ca60
                0x0000000020000000                . = ALIGN (0x8)
                0x0000000020000000                _sdata = .
 *(.data)
 .data          0x0000000020000000        0x4 ./Drivers/CMSIS/system_stm32l4xx.o
                0x0000000020000000                SystemCoreClock
 .data          0x0000000020000004        0x8 ./Drivers/STM32L4xx_HAL_Driver/stm32l4xx_hal.o
                0x0000000020000004                uwTickFreq
                0x0000000020000008                uwTickPrio
 .data          0x000000002000000c       0x5d ./Example/User/demo.o
 *fill*         0x0000000020000069        0x3 
 .data          0x000000002000006c        0x4 ./Middlewares/RFAL/rfal_iso15693_2.o
 *(.data*)
 .data._impure_ptr
                0x0000000020000070        0x4 c:/st/stm32cubeide_1.11.2/stm32cubeide/plugins/com.st.stm32cube.ide.mcu.externaltools.gnu-tools-for-stm32.10.3-2021.10.win32_1.0.100.202210260954/tools/bin/../lib/gcc/arm-none-eabi/10.3.1/../../../../arm-none-eabi/lib/thumb/v7e-m+fp/hard\libc_nano.a(lib_a-impure.o)
                0x0000000020000070                _impure_ptr
 .data.impure_data
                0x0000000020000074       0x60 c:/st/stm32cubeide_1.11.2/stm32cubeide/plugins/com.st.stm32cube.ide.mcu.externaltools.gnu-tools-for-stm32.10.3-2021.10.win32_1.0.100.202210260954/tools/bin/../lib/gcc/arm-none-eabi/10.3.1/../../../../arm-none-eabi/lib/thumb/v7e-m+fp/hard\libc_nano.a(lib_a-impure.o)
                0x00000000200000d8                . = ALIGN (0x8)
 *fill*         0x00000000200000d4        0x4 
                0x00000000200000d8                _edata = .

.igot.plt       0x00000000200000d8        0x0 load address 0x000000000800cb38
 .igot.plt      0x00000000200000d8        0x0 c:/st/stm32cubeide_1.11.2/stm32cubeide/plugins/com.st.stm32cube.ide.mcu.externaltools.gnu-tools-for-stm32.10.3-2021.10.win32_1.0.100.202210260954/tools/bin/../lib/gcc/arm-none-eabi/10.3.1/thumb/v7e-m+fp/hard/crtbegin.o
                0x00000000200000d8                . = ALIGN (0x4)

.bss            0x00000000200000d8      0xfd8 load address 0x000000000800cb38
                0x00000000200000d8                _sbss = .
                0x00000000200000d8                __bss_start__ = _sbss
 *(.bss)
 .bss           0x00000000200000d8       0x1c c:/st/stm32cubeide_1.11.2/stm32cubeide/plugins/com.st.stm32cube.ide.mcu.externaltools.gnu-tools-for-stm32.10.3-2021.10.win32_1.0.100.202210260954/tools/bin/../lib/gcc/arm-none-eabi/10.3.1/thumb/v7e-m+fp/hard/crtbegin.o
 .bss           0x00000000200000f4        0x4 ./Drivers/BSP/Components/st25r3911.o
 .bss           0x00000000200000f8       0x10 ./Drivers/BSP/Components/st25r3911_interrupt.o
 .bss           0x0000000020000108        0x4 ./Drivers/STM32L4xx_HAL_Driver/stm32l4xx_hal.o
                0x0000000020000108                uwTick
 .bss           0x000000002000010c        0x8 ./Example/SW4STM32/syscalls.o
                0x0000000020000110                __env
 .bss           0x0000000020000114       0x90 ./Example/User/demo.o
 .bss           0x00000000200001a4      0x208 ./Example/User/logger.o
                0x00000000200001a4                pLogUsart
                0x00000000200001a8                hexStrIdx
                0x00000000200001ac                hexStr
 .bss           0x00000000200003ac       0xe5 ./Example/User/main.o
                0x00000000200003ac                huart2
                0x000000002000042c                hspi1
                0x0000000020000490                globalCommProtectCnt
 *fill*         0x0000000020000491        0x3 
 .bss           0x0000000020000494       0xc9 ./Example/User/spi.o
                0x0000000020000494                pSpi
 *fill*         0x000000002000055d        0x3 
 .bss           0x0000000020000560        0x8 ./Middlewares/RFAL/rfal_analogConfig.o
 .bss           0x0000000020000568        0x8 ./Middlewares/RFAL/rfal_iso15693_2.o
 .bss           0x0000000020000570       0x88 ./Middlewares/RFAL/rfal_isoDep.o
 .bss           0x00000000200005f8      0x500 ./Middlewares/RFAL/rfal_nfc.o
 .bss           0x0000000020000af8       0x88 ./Middlewares/RFAL/rfal_nfcDep.o
 .bss           0x0000000020000b80        0x2 ./Middlewares/RFAL/rfal_nfcb.o
 *fill*         0x0000000020000b82        0x2 
 .bss           0x0000000020000b84      0x142 ./Middlewares/RFAL/rfal_nfcf.o
 *fill*         0x0000000020000cc6        0x2 
 .bss           0x0000000020000cc8      0x3d8 ./Middlewares/RFAL/rfal_rfst25r3911.o
 *(.bss*)
 .bss.__malloc_free_list
                0x00000000200010a0        0x4 c:/st/stm32cubeide_1.11.2/stm32cubeide/plugins/com.st.stm32cube.ide.mcu.externaltools.gnu-tools-for-stm32.10.3-2021.10.win32_1.0.100.202210260954/tools/bin/../lib/gcc/arm-none-eabi/10.3.1/../../../../arm-none-eabi/lib/thumb/v7e-m+fp/hard\libc_nano.a(lib_a-nano-mallocr.o)
                0x00000000200010a0                __malloc_free_list
 .bss.__malloc_sbrk_start
                0x00000000200010a4        0x4 c:/st/stm32cubeide_1.11.2/stm32cubeide/plugins/com.st.stm32cube.ide.mcu.externaltools.gnu-tools-for-stm32.10.3-2021.10.win32_1.0.100.202210260954/tools/bin/../lib/gcc/arm-none-eabi/10.3.1/../../../../arm-none-eabi/lib/thumb/v7e-m+fp/hard\libc_nano.a(lib_a-nano-mallocr.o)
                0x00000000200010a4                __malloc_sbrk_start
 .bss.errno     0x00000000200010a8        0x4 c:/st/stm32cubeide_1.11.2/stm32cubeide/plugins/com.st.stm32cube.ide.mcu.externaltools.gnu-tools-for-stm32.10.3-2021.10.win32_1.0.100.202210260954/tools/bin/../lib/gcc/arm-none-eabi/10.3.1/../../../../arm-none-eabi/lib/thumb/v7e-m+fp/hard\libc_nano.a(lib_a-reent.o)
                0x00000000200010a8                errno
 .bss.__lock___malloc_recursive_mutex
                0x00000000200010ac        0x1 c:/st/stm32cubeide_1.11.2/stm32cubeide/plugins/com.st.stm32cube.ide.mcu.externaltools.gnu-tools-for-stm32.10.3-2021.10.win32_1.0.100.202210260954/tools/bin/../lib/gcc/arm-none-eabi/10.3.1/../../../../arm-none-eabi/lib/thumb/v7e-m+fp/hard\libc_nano.a(lib_a-lock.o)
                0x00000000200010ac                __lock___malloc_recursive_mutex
 *(COMMON)
                0x00000000200010b0                . = ALIGN (0x4)
 *fill*         0x00000000200010ad        0x3 
                0x00000000200010b0                _ebss = .
                0x00000000200010b0                __bss_end__ = _ebss

._user_heap_stack
                0x00000000200010b0     0x8200 load address 0x000000000800cb38
                0x00000000200010b0                . = ALIGN (0x8)
                0x00000000200010b0                PROVIDE (end = .)
                [!provide]                        PROVIDE (_end = .)
                0x00000000200012b0                . = (. + _Min_Heap_Size)
 *fill*         0x00000000200010b0      0x200 
                0x00000000200092b0                . = (. + _Min_Stack_Size)
 *fill*         0x00000000200012b0     0x8000 
                0x00000000200092b0                . = ALIGN (0x8)

/DISCARD/
 libc.a(*)
 libm.a(*)
 libgcc.a(*)

.ARM.attributes
                0x0000000000000000       0x30
 *(.ARM.attributes)
 .ARM.attributes
                0x0000000000000000       0x1e c:/st/stm32cubeide_1.11.2/stm32cubeide/plugins/com.st.stm32cube.ide.mcu.externaltools.gnu-tools-for-stm32.10.3-2021.10.win32_1.0.100.202210260954/tools/bin/../lib/gcc/arm-none-eabi/10.3.1/thumb/v7e-m+fp/hard/crti.o
 .ARM.attributes
                0x000000000000001e       0x34 c:/st/stm32cubeide_1.11.2/stm32cubeide/plugins/com.st.stm32cube.ide.mcu.externaltools.gnu-tools-for-stm32.10.3-2021.10.win32_1.0.100.202210260954/tools/bin/../lib/gcc/arm-none-eabi/10.3.1/thumb/v7e-m+fp/hard/crtbegin.o
 .ARM.attributes
                0x0000000000000052       0x34 ./Drivers/BSP/Components/st25r3911.o
 .ARM.attributes
                0x0000000000000086       0x34 ./Drivers/BSP/Components/st25r3911_com.o
 .ARM.attributes
                0x00000000000000ba       0x34 ./Drivers/BSP/Components/st25r3911_interrupt.o
 .ARM.attributes
                0x00000000000000ee       0x34 ./Drivers/BSP/Components/timer.o
 .ARM.attributes
                0x0000000000000122       0x34 ./Drivers/CMSIS/system_stm32l4xx.o
 .ARM.attributes
                0x0000000000000156       0x34 ./Drivers/STM32L4xx_HAL_Driver/stm32l4xx_hal.o
 .ARM.attributes
                0x000000000000018a       0x34 ./Drivers/STM32L4xx_HAL_Driver/stm32l4xx_hal_cortex.o
 .ARM.attributes
                0x00000000000001be       0x34 ./Drivers/STM32L4xx_HAL_Driver/stm32l4xx_hal_gpio.o
 .ARM.attributes
                0x00000000000001f2       0x34 ./Drivers/STM32L4xx_HAL_Driver/stm32l4xx_hal_pwr.o
 .ARM.attributes
                0x0000000000000226       0x34 ./Drivers/STM32L4xx_HAL_Driver/stm32l4xx_hal_pwr_ex.o
 .ARM.attributes
                0x000000000000025a       0x34 ./Drivers/STM32L4xx_HAL_Driver/stm32l4xx_hal_rcc.o
 .ARM.attributes
                0x000000000000028e       0x34 ./Drivers/STM32L4xx_HAL_Driver/stm32l4xx_hal_rcc_ex.o
 .ARM.attributes
                0x00000000000002c2       0x34 ./Drivers/STM32L4xx_HAL_Driver/stm32l4xx_hal_spi.o
 .ARM.attributes
                0x00000000000002f6       0x34 ./Drivers/STM32L4xx_HAL_Driver/stm32l4xx_hal_uart.o
 .ARM.attributes
                0x000000000000032a       0x21 ./Example/SW4STM32/startup_stm32l476xx.o
 .ARM.attributes
                0x000000000000034b       0x34 ./Example/SW4STM32/syscalls.o
 .ARM.attributes
                0x000000000000037f       0x34 ./Example/User/demo.o
 .ARM.attributes
                0x00000000000003b3       0x34 ./Example/User/logger.o
 .ARM.attributes
                0x00000000000003e7       0x34 ./Example/User/main.o
 .ARM.attributes
                0x000000000000041b       0x34 ./Example/User/spi.o
 .ARM.attributes
                0x000000000000044f       0x34 ./Example/User/stm32l4xx_hal_msp.o
 .ARM.attributes
                0x0000000000000483       0x34 ./Example/User/stm32l4xx_it.o
 .ARM.attributes
                0x00000000000004b7       0x34 ./Middlewares/RFAL/rfal_analogConfig.o
 .ARM.attributes
                0x00000000000004eb       0x34 ./Middlewares/RFAL/rfal_crc.o
 .ARM.attributes
                0x000000000000051f       0x34 ./Middlewares/RFAL/rfal_iso15693_2.o
 .ARM.attributes
                0x0000000000000553       0x34 ./Middlewares/RFAL/rfal_isoDep.o
 .ARM.attributes
                0x0000000000000587       0x34 ./Middlewares/RFAL/rfal_nfc.o
 .ARM.attributes
                0x00000000000005bb       0x34 ./Middlewares/RFAL/rfal_nfcDep.o
 .ARM.attributes
                0x00000000000005ef       0x34 ./Middlewares/RFAL/rfal_nfca.o
 .ARM.attributes
                0x0000000000000623       0x34 ./Middlewares/RFAL/rfal_nfcb.o
 .ARM.attributes
                0x0000000000000657       0x34 ./Middlewares/RFAL/rfal_nfcf.o
 .ARM.attributes
                0x000000000000068b       0x34 ./Middlewares/RFAL/rfal_nfcv.o
 .ARM.attributes
                0x00000000000006bf       0x34 ./Middlewares/RFAL/rfal_rfst25r3911.o
 .ARM.attributes
                0x00000000000006f3       0x34 ./Middlewares/RFAL/rfal_st25tb.o
 .ARM.attributes
                0x0000000000000727       0x34 ./Middlewares/RFAL/rfal_t1t.o
 .ARM.attributes
                0x000000000000075b       0x34 c:/st/stm32cubeide_1.11.2/stm32cubeide/plugins/com.st.stm32cube.ide.mcu.externaltools.gnu-tools-for-stm32.10.3-2021.10.win32_1.0.100.202210260954/tools/bin/../lib/gcc/arm-none-eabi/10.3.1/../../../../arm-none-eabi/lib/thumb/v7e-m+fp/hard\libc_nano.a(lib_a-errno.o)
 .ARM.attributes
                0x000000000000078f       0x34 c:/st/stm32cubeide_1.11.2/stm32cubeide/plugins/com.st.stm32cube.ide.mcu.externaltools.gnu-tools-for-stm32.10.3-2021.10.win32_1.0.100.202210260954/tools/bin/../lib/gcc/arm-none-eabi/10.3.1/../../../../arm-none-eabi/lib/thumb/v7e-m+fp/hard\libc_nano.a(lib_a-impure.o)
 .ARM.attributes
                0x00000000000007c3       0x34 c:/st/stm32cubeide_1.11.2/stm32cubeide/plugins/com.st.stm32cube.ide.mcu.externaltools.gnu-tools-for-stm32.10.3-2021.10.win32_1.0.100.202210260954/tools/bin/../lib/gcc/arm-none-eabi/10.3.1/../../../../arm-none-eabi/lib/thumb/v7e-m+fp/hard\libc_nano.a(lib_a-init.o)
 .ARM.attributes
                0x00000000000007f7       0x34 c:/st/stm32cubeide_1.11.2/stm32cubeide/plugins/com.st.stm32cube.ide.mcu.externaltools.gnu-tools-for-stm32.10.3-2021.10.win32_1.0.100.202210260954/tools/bin/../lib/gcc/arm-none-eabi/10.3.1/../../../../arm-none-eabi/lib/thumb/v7e-m+fp/hard\libc_nano.a(lib_a-memcmp.o)
 .ARM.attributes
                0x000000000000082b       0x34 c:/st/stm32cubeide_1.11.2/stm32cubeide/plugins/com.st.stm32cube.ide.mcu.externaltools.gnu-tools-for-stm32.10.3-2021.10.win32_1.0.100.202210260954/tools/bin/../lib/gcc/arm-none-eabi/10.3.1/../../../../arm-none-eabi/lib/thumb/v7e-m+fp/hard\libc_nano.a(lib_a-memcpy-stub.o)
 .ARM.attributes
                0x000000000000085f       0x34 c:/st/stm32cubeide_1.11.2/stm32cubeide/plugins/com.st.stm32cube.ide.mcu.externaltools.gnu-tools-for-stm32.10.3-2021.10.win32_1.0.100.202210260954/tools/bin/../lib/gcc/arm-none-eabi/10.3.1/../../../../arm-none-eabi/lib/thumb/v7e-m+fp/hard\libc_nano.a(lib_a-memmove.o)
 .ARM.attributes
                0x0000000000000893       0x34 c:/st/stm32cubeide_1.11.2/stm32cubeide/plugins/com.st.stm32cube.ide.mcu.externaltools.gnu-tools-for-stm32.10.3-2021.10.win32_1.0.100.202210260954/tools/bin/../lib/gcc/arm-none-eabi/10.3.1/../../../../arm-none-eabi/lib/thumb/v7e-m+fp/hard\libc_nano.a(lib_a-memset.o)
 .ARM.attributes
                0x00000000000008c7       0x1c c:/st/stm32cubeide_1.11.2/stm32cubeide/plugins/com.st.stm32cube.ide.mcu.externaltools.gnu-tools-for-stm32.10.3-2021.10.win32_1.0.100.202210260954/tools/bin/../lib/gcc/arm-none-eabi/10.3.1/../../../../arm-none-eabi/lib/thumb/v7e-m+fp/hard\libc_nano.a(lib_a-strcmp.o)
 .ARM.attributes
                0x00000000000008e3       0x17 c:/st/stm32cubeide_1.11.2/stm32cubeide/plugins/com.st.stm32cube.ide.mcu.externaltools.gnu-tools-for-stm32.10.3-2021.10.win32_1.0.100.202210260954/tools/bin/../lib/gcc/arm-none-eabi/10.3.1/../../../../arm-none-eabi/lib/thumb/v7e-m+fp/hard\libc_nano.a(lib_a-strlen.o)
 .ARM.attributes
                0x00000000000008fa       0x34 c:/st/stm32cubeide_1.11.2/stm32cubeide/plugins/com.st.stm32cube.ide.mcu.externaltools.gnu-tools-for-stm32.10.3-2021.10.win32_1.0.100.202210260954/tools/bin/../lib/gcc/arm-none-eabi/10.3.1/../../../../arm-none-eabi/lib/thumb/v7e-m+fp/hard\libc_nano.a(lib_a-vsnprintf.o)
 .ARM.attributes
                0x000000000000092e       0x34 c:/st/stm32cubeide_1.11.2/stm32cubeide/plugins/com.st.stm32cube.ide.mcu.externaltools.gnu-tools-for-stm32.10.3-2021.10.win32_1.0.100.202210260954/tools/bin/../lib/gcc/arm-none-eabi/10.3.1/../../../../arm-none-eabi/lib/thumb/v7e-m+fp/hard\libc_nano.a(lib_a-nano-svfprintf.o)
 .ARM.attributes
                0x0000000000000962       0x34 c:/st/stm32cubeide_1.11.2/stm32cubeide/plugins/com.st.stm32cube.ide.mcu.externaltools.gnu-tools-for-stm32.10.3-2021.10.win32_1.0.100.202210260954/tools/bin/../lib/gcc/arm-none-eabi/10.3.1/../../../../arm-none-eabi/lib/thumb/v7e-m+fp/hard\libc_nano.a(lib_a-nano-vfprintf_i.o)
 .ARM.attributes
                0x0000000000000996       0x1c c:/st/stm32cubeide_1.11.2/stm32cubeide/plugins/com.st.stm32cube.ide.mcu.externaltools.gnu-tools-for-stm32.10.3-2021.10.win32_1.0.100.202210260954/tools/bin/../lib/gcc/arm-none-eabi/10.3.1/../../../../arm-none-eabi/lib/thumb/v7e-m+fp/hard\libc_nano.a(lib_a-memchr.o)
 .ARM.attributes
                0x00000000000009b2       0x34 c:/st/stm32cubeide_1.11.2/stm32cubeide/plugins/com.st.stm32cube.ide.mcu.externaltools.gnu-tools-for-stm32.10.3-2021.10.win32_1.0.100.202210260954/tools/bin/../lib/gcc/arm-none-eabi/10.3.1/../../../../arm-none-eabi/lib/thumb/v7e-m+fp/hard\libc_nano.a(lib_a-nano-freer.o)
 .ARM.attributes
                0x00000000000009e6       0x34 c:/st/stm32cubeide_1.11.2/stm32cubeide/plugins/com.st.stm32cube.ide.mcu.externaltools.gnu-tools-for-stm32.10.3-2021.10.win32_1.0.100.202210260954/tools/bin/../lib/gcc/arm-none-eabi/10.3.1/../../../../arm-none-eabi/lib/thumb/v7e-m+fp/hard\libc_nano.a(lib_a-nano-mallocr.o)
 .ARM.attributes
                0x0000000000000a1a       0x34 c:/st/stm32cubeide_1.11.2/stm32cubeide/plugins/com.st.stm32cube.ide.mcu.externaltools.gnu-tools-for-stm32.10.3-2021.10.win32_1.0.100.202210260954/tools/bin/../lib/gcc/arm-none-eabi/10.3.1/../../../../arm-none-eabi/lib/thumb/v7e-m+fp/hard\libc_nano.a(lib_a-nano-reallocr.o)
 .ARM.attributes
                0x0000000000000a4e       0x34 c:/st/stm32cubeide_1.11.2/stm32cubeide/plugins/com.st.stm32cube.ide.mcu.externaltools.gnu-tools-for-stm32.10.3-2021.10.win32_1.0.100.202210260954/tools/bin/../lib/gcc/arm-none-eabi/10.3.1/../../../../arm-none-eabi/lib/thumb/v7e-m+fp/hard\libc_nano.a(lib_a-sbrkr.o)
 .ARM.attributes
                0x0000000000000a82       0x34 c:/st/stm32cubeide_1.11.2/stm32cubeide/plugins/com.st.stm32cube.ide.mcu.externaltools.gnu-tools-for-stm32.10.3-2021.10.win32_1.0.100.202210260954/tools/bin/../lib/gcc/arm-none-eabi/10.3.1/../../../../arm-none-eabi/lib/thumb/v7e-m+fp/hard\libc_nano.a(lib_a-mlock.o)
 .ARM.attributes
                0x0000000000000ab6       0x34 c:/st/stm32cubeide_1.11.2/stm32cubeide/plugins/com.st.stm32cube.ide.mcu.externaltools.gnu-tools-for-stm32.10.3-2021.10.win32_1.0.100.202210260954/tools/bin/../lib/gcc/arm-none-eabi/10.3.1/../../../../arm-none-eabi/lib/thumb/v7e-m+fp/hard\libc_nano.a(lib_a-nano-msizer.o)
 .ARM.attributes
                0x0000000000000aea       0x34 c:/st/stm32cubeide_1.11.2/stm32cubeide/plugins/com.st.stm32cube.ide.mcu.externaltools.gnu-tools-for-stm32.10.3-2021.10.win32_1.0.100.202210260954/tools/bin/../lib/gcc/arm-none-eabi/10.3.1/../../../../arm-none-eabi/lib/thumb/v7e-m+fp/hard\libc_nano.a(lib_a-reent.o)
 .ARM.attributes
                0x0000000000000b1e       0x34 c:/st/stm32cubeide_1.11.2/stm32cubeide/plugins/com.st.stm32cube.ide.mcu.externaltools.gnu-tools-for-stm32.10.3-2021.10.win32_1.0.100.202210260954/tools/bin/../lib/gcc/arm-none-eabi/10.3.1/../../../../arm-none-eabi/lib/thumb/v7e-m+fp/hard\libc_nano.a(lib_a-lock.o)
 .ARM.attributes
                0x0000000000000b52       0x1e c:/st/stm32cubeide_1.11.2/stm32cubeide/plugins/com.st.stm32cube.ide.mcu.externaltools.gnu-tools-for-stm32.10.3-2021.10.win32_1.0.100.202210260954/tools/bin/../lib/gcc/arm-none-eabi/10.3.1/thumb/v7e-m+fp/hard\libgcc.a(_aeabi_uldivmod.o)
 .ARM.attributes
                0x0000000000000b70       0x34 c:/st/stm32cubeide_1.11.2/stm32cubeide/plugins/com.st.stm32cube.ide.mcu.externaltools.gnu-tools-for-stm32.10.3-2021.10.win32_1.0.100.202210260954/tools/bin/../lib/gcc/arm-none-eabi/10.3.1/thumb/v7e-m+fp/hard\libgcc.a(_udivmoddi4.o)
 .ARM.attributes
                0x0000000000000ba4       0x1e c:/st/stm32cubeide_1.11.2/stm32cubeide/plugins/com.st.stm32cube.ide.mcu.externaltools.gnu-tools-for-stm32.10.3-2021.10.win32_1.0.100.202210260954/tools/bin/../lib/gcc/arm-none-eabi/10.3.1/thumb/v7e-m+fp/hard\libgcc.a(_dvmd_tls.o)
 .ARM.attributes
                0x0000000000000bc2       0x1e c:/st/stm32cubeide_1.11.2/stm32cubeide/plugins/com.st.stm32cube.ide.mcu.externaltools.gnu-tools-for-stm32.10.3-2021.10.win32_1.0.100.202210260954/tools/bin/../lib/gcc/arm-none-eabi/10.3.1/thumb/v7e-m+fp/hard/crtn.o
OUTPUT(STM32L476RG-Nucleo_PollingTagDetect.elf elf32-littlearm)
LOAD linker stubs
LOAD c:/st/stm32cubeide_1.11.2/stm32cubeide/plugins/com.st.stm32cube.ide.mcu.externaltools.gnu-tools-for-stm32.10.3-2021.10.win32_1.0.100.202210260954/tools/bin/../lib/gcc/arm-none-eabi/10.3.1/../../../../arm-none-eabi/lib/thumb/v7e-m+fp/hard\libc.a
LOAD c:/st/stm32cubeide_1.11.2/stm32cubeide/plugins/com.st.stm32cube.ide.mcu.externaltools.gnu-tools-for-stm32.10.3-2021.10.win32_1.0.100.202210260954/tools/bin/../lib/gcc/arm-none-eabi/10.3.1/../../../../arm-none-eabi/lib/thumb/v7e-m+fp/hard\libm.a
LOAD c:/st/stm32cubeide_1.11.2/stm32cubeide/plugins/com.st.stm32cube.ide.mcu.externaltools.gnu-tools-for-stm32.10.3-2021.10.win32_1.0.100.202210260954/tools/bin/../lib/gcc/arm-none-eabi/10.3.1/thumb/v7e-m+fp/hard\libgcc.a

.debug_info     0x0000000000000000    0x2cd41
 .debug_info    0x0000000000000000     0x1ac5 ./Drivers/BSP/Components/st25r3911.o
 .debug_info    0x0000000000001ac5     0x1e50 ./Drivers/BSP/Components/st25r3911_com.o
 .debug_info    0x0000000000003915      0xd8c ./Drivers/BSP/Components/st25r3911_interrupt.o
 .debug_info    0x00000000000046a1      0x29a ./Drivers/BSP/Components/timer.o
 .debug_info    0x000000000000493b      0x606 ./Drivers/CMSIS/system_stm32l4xx.o
 .debug_info    0x0000000000004f41      0xc03 ./Drivers/STM32L4xx_HAL_Driver/stm32l4xx_hal.o
 .debug_info    0x0000000000005b44     0x1092 ./Drivers/STM32L4xx_HAL_Driver/stm32l4xx_hal_cortex.o
 .debug_info    0x0000000000006bd6      0x841 ./Drivers/STM32L4xx_HAL_Driver/stm32l4xx_hal_gpio.o
 .debug_info    0x0000000000007417      0xa22 ./Drivers/STM32L4xx_HAL_Driver/stm32l4xx_hal_pwr.o
 .debug_info    0x0000000000007e39      0xb50 ./Drivers/STM32L4xx_HAL_Driver/stm32l4xx_hal_pwr_ex.o
 .debug_info    0x0000000000008989      0xf29 ./Drivers/STM32L4xx_HAL_Driver/stm32l4xx_hal_rcc.o
 .debug_info    0x00000000000098b2     0x117d ./Drivers/STM32L4xx_HAL_Driver/stm32l4xx_hal_rcc_ex.o
 .debug_info    0x000000000000aa2f     0x2de9 ./Drivers/STM32L4xx_HAL_Driver/stm32l4xx_hal_spi.o
 .debug_info    0x000000000000d818     0x21e2 ./Drivers/STM32L4xx_HAL_Driver/stm32l4xx_hal_uart.o
 .debug_info    0x000000000000f9fa       0x22 ./Example/SW4STM32/startup_stm32l476xx.o
 .debug_info    0x000000000000fa1c      0x864 ./Example/SW4STM32/syscalls.o
 .debug_info    0x0000000000010280     0x2e2c ./Example/User/demo.o
 .debug_info    0x00000000000130ac      0x9d6 ./Example/User/logger.o
 .debug_info    0x0000000000013a82     0x1c10 ./Example/User/main.o
 .debug_info    0x0000000000015692      0x971 ./Example/User/spi.o
 .debug_info    0x0000000000016003     0x1147 ./Example/User/stm32l4xx_hal_msp.o
 .debug_info    0x000000000001714a      0x114 ./Example/User/stm32l4xx_it.o
 .debug_info    0x000000000001725e      0x639 ./Middlewares/RFAL/rfal_analogConfig.o
 .debug_info    0x0000000000017897      0x1bf ./Middlewares/RFAL/rfal_crc.o
 .debug_info    0x0000000000017a56      0x90b ./Middlewares/RFAL/rfal_iso15693_2.o
 .debug_info    0x0000000000018361     0x2a5f ./Middlewares/RFAL/rfal_isoDep.o
 .debug_info    0x000000000001adc0     0x28f9 ./Middlewares/RFAL/rfal_nfc.o
 .debug_info    0x000000000001d6b9     0x2f63 ./Middlewares/RFAL/rfal_nfcDep.o
 .debug_info    0x000000000002061c     0x11b3 ./Middlewares/RFAL/rfal_nfca.o
 .debug_info    0x00000000000217cf     0x154e ./Middlewares/RFAL/rfal_nfcb.o
 .debug_info    0x0000000000022d1d      0xf4a ./Middlewares/RFAL/rfal_nfcf.o
 .debug_info    0x0000000000023c67     0x2ac2 ./Middlewares/RFAL/rfal_nfcv.o
 .debug_info    0x0000000000026729     0x4e79 ./Middlewares/RFAL/rfal_rfst25r3911.o
 .debug_info    0x000000000002b5a2     0x1044 ./Middlewares/RFAL/rfal_st25tb.o
 .debug_info    0x000000000002c5e6      0x75b ./Middlewares/RFAL/rfal_t1t.o

.debug_abbrev   0x0000000000000000     0x666e
 .debug_abbrev  0x0000000000000000      0x42f ./Drivers/BSP/Components/st25r3911.o
 .debug_abbrev  0x000000000000042f      0x41e ./Drivers/BSP/Components/st25r3911_com.o
 .debug_abbrev  0x000000000000084d      0x3a9 ./Drivers/BSP/Components/st25r3911_interrupt.o
 .debug_abbrev  0x0000000000000bf6      0x16c ./Drivers/BSP/Components/timer.o
 .debug_abbrev  0x0000000000000d62      0x141 ./Drivers/CMSIS/system_stm32l4xx.o
 .debug_abbrev  0x0000000000000ea3      0x2cb ./Drivers/STM32L4xx_HAL_Driver/stm32l4xx_hal.o
 .debug_abbrev  0x000000000000116e      0x34f ./Drivers/STM32L4xx_HAL_Driver/stm32l4xx_hal_cortex.o
 .debug_abbrev  0x00000000000014bd      0x1e9 ./Drivers/STM32L4xx_HAL_Driver/stm32l4xx_hal_gpio.o
 .debug_abbrev  0x00000000000016a6      0x201 ./Drivers/STM32L4xx_HAL_Driver/stm32l4xx_hal_pwr.o
 .debug_abbrev  0x00000000000018a7      0x25c ./Drivers/STM32L4xx_HAL_Driver/stm32l4xx_hal_pwr_ex.o
 .debug_abbrev  0x0000000000001b03      0x2c3 ./Drivers/STM32L4xx_HAL_Driver/stm32l4xx_hal_rcc.o
 .debug_abbrev  0x0000000000001dc6      0x2c6 ./Drivers/STM32L4xx_HAL_Driver/stm32l4xx_hal_rcc_ex.o
 .debug_abbrev  0x000000000000208c      0x39e ./Drivers/STM32L4xx_HAL_Driver/stm32l4xx_hal_spi.o
 .debug_abbrev  0x000000000000242a      0x3c1 ./Drivers/STM32L4xx_HAL_Driver/stm32l4xx_hal_uart.o
 .debug_abbrev  0x00000000000027eb       0x12 ./Example/SW4STM32/startup_stm32l476xx.o
 .debug_abbrev  0x00000000000027fd      0x24d ./Example/SW4STM32/syscalls.o
 .debug_abbrev  0x0000000000002a4a      0x473 ./Example/User/demo.o
 .debug_abbrev  0x0000000000002ebd      0x2a5 ./Example/User/logger.o
 .debug_abbrev  0x0000000000003162      0x3a5 ./Example/User/main.o
 .debug_abbrev  0x0000000000003507      0x228 ./Example/User/spi.o
 .debug_abbrev  0x000000000000372f      0x1c7 ./Example/User/stm32l4xx_hal_msp.o
 .debug_abbrev  0x00000000000038f6       0xe6 ./Example/User/stm32l4xx_it.o
 .debug_abbrev  0x00000000000039dc      0x271 ./Middlewares/RFAL/rfal_analogConfig.o
 .debug_abbrev  0x0000000000003c4d      0x120 ./Middlewares/RFAL/rfal_crc.o
 .debug_abbrev  0x0000000000003d6d      0x2c5 ./Middlewares/RFAL/rfal_iso15693_2.o
 .debug_abbrev  0x0000000000004032      0x49e ./Middlewares/RFAL/rfal_isoDep.o
 .debug_abbrev  0x00000000000044d0      0x4f4 ./Middlewares/RFAL/rfal_nfc.o
 .debug_abbrev  0x00000000000049c4      0x441 ./Middlewares/RFAL/rfal_nfcDep.o
 .debug_abbrev  0x0000000000004e05      0x3ca ./Middlewares/RFAL/rfal_nfca.o
 .debug_abbrev  0x00000000000051cf      0x386 ./Middlewares/RFAL/rfal_nfcb.o
 .debug_abbrev  0x0000000000005555      0x2e1 ./Middlewares/RFAL/rfal_nfcf.o
 .debug_abbrev  0x0000000000005836      0x3ad ./Middlewares/RFAL/rfal_nfcv.o
 .debug_abbrev  0x0000000000005be3      0x55d ./Middlewares/RFAL/rfal_rfst25r3911.o
 .debug_abbrev  0x0000000000006140      0x365 ./Middlewares/RFAL/rfal_st25tb.o
 .debug_abbrev  0x00000000000064a5      0x1c9 ./Middlewares/RFAL/rfal_t1t.o

.debug_loc      0x0000000000000000    0x20756
 .debug_loc     0x0000000000000000      0xfe3 ./Drivers/BSP/Components/st25r3911.o
 .debug_loc     0x0000000000000fe3      0xc81 ./Drivers/BSP/Components/st25r3911_com.o
 .debug_loc     0x0000000000001c64      0x41e ./Drivers/BSP/Components/st25r3911_interrupt.o
 .debug_loc     0x0000000000002082      0x147 ./Drivers/BSP/Components/timer.o
 .debug_loc     0x00000000000021c9      0x1ed ./Drivers/CMSIS/system_stm32l4xx.o
 .debug_loc     0x00000000000023b6      0x27f ./Drivers/STM32L4xx_HAL_Driver/stm32l4xx_hal.o
 .debug_loc     0x0000000000002635      0x783 ./Drivers/STM32L4xx_HAL_Driver/stm32l4xx_hal_cortex.o
 .debug_loc     0x0000000000002db8      0x3a0 ./Drivers/STM32L4xx_HAL_Driver/stm32l4xx_hal_gpio.o
 .debug_loc     0x0000000000003158      0x16f ./Drivers/STM32L4xx_HAL_Driver/stm32l4xx_hal_pwr.o
 .debug_loc     0x00000000000032c7      0xa2a ./Drivers/STM32L4xx_HAL_Driver/stm32l4xx_hal_pwr_ex.o
 .debug_loc     0x0000000000003cf1      0x7ff ./Drivers/STM32L4xx_HAL_Driver/stm32l4xx_hal_rcc.o
 .debug_loc     0x00000000000044f0     0x108d ./Drivers/STM32L4xx_HAL_Driver/stm32l4xx_hal_rcc_ex.o